Component: ARM Compiler 5.06 update 7 (build 960) Tool: armlink [4d3601]

==============================================================================

Section Cross References

    startup_stm32f10x_hd.o(RESET) refers to startup_stm32f10x_hd.o(STACK) for __initial_sp
    startup_stm32f10x_hd.o(RESET) refers to startup_stm32f10x_hd.o(.text) for Reset_Handler
    startup_stm32f10x_hd.o(RESET) refers to stm32f10x_it.o(i.NMI_Handler) for NMI_Handler
    startup_stm32f10x_hd.o(RESET) refers to stm32f10x_it.o(i.HardFault_Handler) for HardFault_Handler
    startup_stm32f10x_hd.o(RESET) refers to stm32f10x_it.o(i.MemManage_Handler) for MemManage_Handler
    startup_stm32f10x_hd.o(RESET) refers to stm32f10x_it.o(i.BusFault_Handler) for BusFault_Handler
    startup_stm32f10x_hd.o(RESET) refers to stm32f10x_it.o(i.UsageFault_Handler) for UsageFault_Handler
    startup_stm32f10x_hd.o(RESET) refers to stm32f10x_it.o(i.SVC_Handler) for SVC_Handler
    startup_stm32f10x_hd.o(RESET) refers to stm32f10x_it.o(i.DebugMon_Handler) for DebugMon_Handler
    startup_stm32f10x_hd.o(RESET) refers to stm32f10x_it.o(i.PendSV_Handler) for PendSV_Handler
    startup_stm32f10x_hd.o(RESET) refers to stm32f10x_it.o(i.SysTick_Handler) for SysTick_Handler
    startup_stm32f10x_hd.o(RESET) refers to myexti.o(i.EXTI0_IRQHandler) for EXTI0_IRQHandler
    startup_stm32f10x_hd.o(RESET) refers to myexti.o(i.EXTI2_IRQHandler) for EXTI2_IRQHandler
    startup_stm32f10x_hd.o(RESET) refers to myexti.o(i.EXTI3_IRQHandler) for EXTI3_IRQHandler
    startup_stm32f10x_hd.o(RESET) refers to myexti.o(i.EXTI4_IRQHandler) for EXTI4_IRQHandler
    startup_stm32f10x_hd.o(RESET) refers to tim.o(i.TIM1_UP_IRQHandler) for TIM1_UP_IRQHandler
    startup_stm32f10x_hd.o(RESET) refers to tim.o(i.TIM2_IRQHandler) for TIM2_IRQHandler
    startup_stm32f10x_hd.o(RESET) refers to usart.o(i.USART1_IRQHandler) for USART1_IRQHandler
    startup_stm32f10x_hd.o(RESET) refers to esp8266.o(i.USART2_IRQHandler) for USART2_IRQHandler
    startup_stm32f10x_hd.o(.text) refers to system_stm32f10x.o(i.SystemInit) for SystemInit
    startup_stm32f10x_hd.o(.text) refers to entry.o(.ARM.Collect$$$$00000000) for __main
    system_stm32f10x.o(i.SetSysClock) refers to system_stm32f10x.o(i.SetSysClockTo72) for SetSysClockTo72
    system_stm32f10x.o(i.SystemCoreClockUpdate) refers to system_stm32f10x.o(.data) for SystemCoreClock
    system_stm32f10x.o(i.SystemInit) refers to system_stm32f10x.o(i.SetSysClock) for SetSysClock
    stm32f10x_adc.o(i.ADC_DeInit) refers to stm32f10x_rcc.o(i.RCC_APB2PeriphResetCmd) for RCC_APB2PeriphResetCmd
    stm32f10x_bkp.o(i.BKP_DeInit) refers to stm32f10x_rcc.o(i.RCC_BackupResetCmd) for RCC_BackupResetCmd
    stm32f10x_can.o(i.CAN_DeInit) refers to stm32f10x_rcc.o(i.RCC_APB1PeriphResetCmd) for RCC_APB1PeriphResetCmd
    stm32f10x_can.o(i.CAN_GetITStatus) refers to stm32f10x_can.o(i.CheckITStatus) for CheckITStatus
    stm32f10x_cec.o(i.CEC_DeInit) refers to stm32f10x_rcc.o(i.RCC_APB1PeriphResetCmd) for RCC_APB1PeriphResetCmd
    stm32f10x_dac.o(i.DAC_DeInit) refers to stm32f10x_rcc.o(i.RCC_APB1PeriphResetCmd) for RCC_APB1PeriphResetCmd
    stm32f10x_flash.o(i.FLASH_EnableWriteProtection) refers to stm32f10x_flash.o(i.FLASH_WaitForLastOperation) for FLASH_WaitForLastOperation
    stm32f10x_flash.o(i.FLASH_EraseAllBank1Pages) refers to stm32f10x_flash.o(i.FLASH_WaitForLastBank1Operation) for FLASH_WaitForLastBank1Operation
    stm32f10x_flash.o(i.FLASH_EraseAllPages) refers to stm32f10x_flash.o(i.FLASH_WaitForLastOperation) for FLASH_WaitForLastOperation
    stm32f10x_flash.o(i.FLASH_EraseOptionBytes) refers to stm32f10x_flash.o(i.FLASH_GetReadOutProtectionStatus) for FLASH_GetReadOutProtectionStatus
    stm32f10x_flash.o(i.FLASH_EraseOptionBytes) refers to stm32f10x_flash.o(i.FLASH_WaitForLastOperation) for FLASH_WaitForLastOperation
    stm32f10x_flash.o(i.FLASH_ErasePage) refers to stm32f10x_flash.o(i.FLASH_WaitForLastOperation) for FLASH_WaitForLastOperation
    stm32f10x_flash.o(i.FLASH_ProgramHalfWord) refers to stm32f10x_flash.o(i.FLASH_WaitForLastOperation) for FLASH_WaitForLastOperation
    stm32f10x_flash.o(i.FLASH_ProgramOptionByteData) refers to stm32f10x_flash.o(i.FLASH_WaitForLastOperation) for FLASH_WaitForLastOperation
    stm32f10x_flash.o(i.FLASH_ProgramWord) refers to stm32f10x_flash.o(i.FLASH_WaitForLastOperation) for FLASH_WaitForLastOperation
    stm32f10x_flash.o(i.FLASH_ReadOutProtection) refers to stm32f10x_flash.o(i.FLASH_WaitForLastOperation) for FLASH_WaitForLastOperation
    stm32f10x_flash.o(i.FLASH_UserOptionByteConfig) refers to stm32f10x_flash.o(i.FLASH_WaitForLastOperation) for FLASH_WaitForLastOperation
    stm32f10x_flash.o(i.FLASH_WaitForLastBank1Operation) refers to stm32f10x_flash.o(i.FLASH_GetBank1Status) for FLASH_GetBank1Status
    stm32f10x_flash.o(i.FLASH_WaitForLastOperation) refers to stm32f10x_flash.o(i.FLASH_GetBank1Status) for FLASH_GetBank1Status
[...]
    Removing stm32f10x_tim.o(i.TIM_GetCapture3), (6 bytes).
    Removing stm32f10x_tim.o(i.TIM_GetCapture4), (8 bytes).
    Removing stm32f10x_tim.o(i.TIM_GetCounter), (6 bytes).
    Removing stm32f10x_tim.o(i.TIM_GetFlagStatus), (18 bytes).
    Removing stm32f10x_tim.o(i.TIM_GetPrescaler), (6 bytes).
    Removing stm32f10x_tim.o(i.TIM_ICInit), (172 bytes).
    Removing stm32f10x_tim.o(i.TIM_ICStructInit), (18 bytes).
    Removing stm32f10x_tim.o(i.TIM_ITRxExternalClockConfig), (24 bytes).
    Removing stm32f10x_tim.o(i.TIM_InternalClockConfig), (12 bytes).
    Removing stm32f10x_tim.o(i.TIM_OC1FastConfig), (18 bytes).
    Removing stm32f10x_tim.o(i.TIM_OC1NPolarityConfig), (18 bytes).
    Removing stm32f10x_tim.o(i.TIM_OC1PolarityConfig), (18 bytes).
    Removing stm32f10x_tim.o(i.TIM_OC2FastConfig), (26 bytes).
    Removing stm32f10x_tim.o(i.TIM_OC2Init), (164 bytes).
    Removing stm32f10x_tim.o(i.TIM_OC2NPolarityConfig), (26 bytes).
    Removing stm32f10x_tim.o(i.TIM_OC2PolarityConfig), (26 bytes).
    Removing stm32f10x_tim.o(i.TIM_OC2PreloadConfig), (26 bytes).
    Removing stm32f10x_tim.o(i.TIM_OC3FastConfig), (18 bytes).
    Removing stm32f10x_tim.o(i.TIM_OC3Init), (160 bytes).
    Removing stm32f10x_tim.o(i.TIM_OC3NPolarityConfig), (26 bytes).
    Removing stm32f10x_tim.o(i.TIM_OC3PolarityConfig), (26 bytes).
    Removing stm32f10x_tim.o(i.TIM_OC3PreloadConfig), (18 bytes).
    Removing stm32f10x_tim.o(i.TIM_OC4FastConfig), (26 bytes).
    Removing stm32f10x_tim.o(i.TIM_OC4Init), (124 bytes).
    Removing stm32f10x_tim.o(i.TIM_OC4PolarityConfig), (26 bytes).
    Removing stm32f10x_tim.o(i.TIM_OC4PreloadConfig), (26 bytes).
    Removing stm32f10x_tim.o(i.TIM_OCStructInit), (20 bytes).
    Removing stm32f10x_tim.o(i.TIM_PWMIConfig), (124 bytes).
    Removing stm32f10x_tim.o(i.TIM_PrescalerConfig), (6 bytes).
    Removing stm32f10x_tim.o(i.TIM_SelectCCDMA), (24 bytes).
    Removing stm32f10x_tim.o(i.TIM_SelectCOM), (24 bytes).
    Removing stm32f10x_tim.o(i.TIM_SelectHallSensor), (24 bytes).
    Removing stm32f10x_tim.o(i.TIM_SelectInputTrigger), (18 bytes).
    Removing stm32f10x_tim.o(i.TIM_SelectMasterSlaveMode), (18 bytes).
    Removing stm32f10x_tim.o(i.TIM_SelectOCxM), (82 bytes).
    Removing stm32f10x_tim.o(i.TIM_SelectOnePulseMode), (18 bytes).
    Removing stm32f10x_tim.o(i.TIM_SelectOutputTrigger), (18 bytes).
    Removing stm32f10x_tim.o(i.TIM_SelectSlaveMode), (18 bytes).
    Removing stm32f10x_tim.o(i.TIM_SetAutoreload), (4 bytes).
    Removing stm32f10x_tim.o(i.TIM_SetClockDivision), (18 bytes).
    Removing stm32f10x_tim.o(i.TIM_SetCompare2), (4 bytes).
    Removing stm32f10x_tim.o(i.TIM_SetCompare3), (4 bytes).
    Removing stm32f10x_tim.o(i.TIM_SetCompare4), (6 bytes).
    Removing stm32f10x_tim.o(i.TIM_SetCounter), (4 bytes).
    Removing stm32f10x_tim.o(i.TIM_SetIC1Prescaler), (18 bytes).
    Removing stm32f10x_tim.o(i.TIM_SetIC2Prescaler), (26 bytes).
    Removing stm32f10x_tim.o(i.TIM_SetIC3Prescaler), (18 bytes).
    Removing stm32f10x_tim.o(i.TIM_SetIC4Prescaler), (26 bytes).
    Removing stm32f10x_tim.o(i.TIM_TIxExternalClockConfig), (62 bytes).
    Removing stm32f10x_tim.o(i.TIM_TimeBaseStructInit), (18 bytes).
    Removing stm32f10x_tim.o(i.TIM_UpdateDisableConfig), (24 bytes).
    Removing stm32f10x_tim.o(i.TIM_UpdateRequestConfig), (24 bytes).
    Removing stm32f10x_usart.o(i.USART_ClearITPendingBit), (30 bytes).
    Removing stm32f10x_usart.o(i.USART_ClockInit), (34 bytes).
    Removing stm32f10x_usart.o(i.USART_ClockStructInit), (12 bytes).
    Removing stm32f10x_usart.o(i.USART_DMACmd), (18 bytes).
    Removing stm32f10x_usart.o(i.USART_DeInit), (156 bytes).
    Removing stm32f10x_usart.o(i.USART_HalfDuplexCmd), (24 bytes).
    Removing stm32f10x_usart.o(i.USART_IrDACmd), (24 bytes).
    Removing stm32f10x_usart.o(i.USART_IrDAConfig), (18 bytes).
    Removing stm32f10x_usart.o(i.USART_LINBreakDetectLengthConfig), (18 bytes).
    Removing stm32f10x_usart.o(i.USART_LINCmd), (24 bytes).
    Removing stm32f10x_usart.o(i.USART_OneBitMethodCmd), (24 bytes).
    Removing stm32f10x_usart.o(i.USART_OverSampling8Cmd), (22 bytes).
    Removing stm32f10x_usart.o(i.USART_ReceiveData), (10 bytes).
    Removing stm32f10x_usart.o(i.USART_ReceiverWakeUpCmd), (24 bytes).
    Removing stm32f10x_usart.o(i.USART_SendBreak), (10 bytes).
    Removing stm32f10x_usart.o(i.USART_SetAddress), (18 bytes).
    Removing stm32f10x_usart.o(i.USART_SetGuardTime), (16 bytes).
    Removing stm32f10x_usart.o(i.USART_SetPrescaler), (16 bytes).
    Removing stm32f10x_usart.o(i.USART_SmartCardCmd), (24 bytes).
    Removing stm32f10x_usart.o(i.USART_SmartCardNACKCmd), (24 bytes).
    Removing stm32f10x_usart.o(i.USART_StructInit), (24 bytes).
    Removing stm32f10x_usart.o(i.USART_WakeUpConfig), (18 bytes).
    Removing stm32f10x_wwdg.o(i.WWDG_ClearFlag), (12 bytes).
    Removing stm32f10x_wwdg.o(i.WWDG_DeInit), (22 bytes).
    Removing stm32f10x_wwdg.o(i.WWDG_Enable), (16 bytes).
    Removing stm32f10x_wwdg.o(i.WWDG_EnableIT), (12 bytes).
    Removing stm32f10x_wwdg.o(i.WWDG_GetFlagStatus), (12 bytes).
    Removing stm32f10x_wwdg.o(i.WWDG_SetCounter), (16 bytes).
    Removing stm32f10x_wwdg.o(i.WWDG_SetPrescaler), (24 bytes).
    Removing stm32f10x_wwdg.o(i.WWDG_SetWindowValue), (40 bytes).
    Removing sys.o(i.NVIC_Configuration), (12 bytes).
    Removing tim.o(i.Tim2_Init), (110 bytes).
    Removing delay.o(i.DelayMs), (60 bytes).
    Removing mqttkit.o(i.MQTT_PacketDisConnect), (48 bytes).
    Removing mqttkit.o(i.MQTT_PacketPublishAck), (72 bytes).
    Removing mqttkit.o(i.MQTT_PacketPublishComp), (72 bytes).
    Removing mqttkit.o(i.MQTT_PacketPublishRec), (72 bytes).
    Removing mqttkit.o(i.MQTT_PacketPublishRel), (72 bytes).
    Removing mqttkit.o(i.MQTT_PacketSubscribe), (254 bytes).
    Removing mqttkit.o(i.MQTT_PacketUnSubscribe), (238 bytes).
    Removing mqttkit.o(i.MQTT_UnPacketPublish), (448 bytes).
    Removing mqttkit.o(i.MQTT_UnPacketPublishComp), (30 bytes).
    Removing mqttkit.o(i.MQTT_UnPacketPublishRec), (30 bytes).
    Removing mqttkit.o(i.MQTT_UnPacketPublishRel), (36 bytes).
    Removing mqttkit.o(i.MQTT_UnPacketSubscribe), (52 bytes).
    Removing mqttkit.o(i.MQTT_UnPacketUnSubscribe), (18 bytes).
    Removing beep.o(i.BEEP_Init), (44 bytes).
    Removing tsensor.o(i.Chip_temp_Read), (136 bytes).
    Removing tsensor.o(i.T_Adc_Init), (124 bytes).
    Removing tsensor.o(i.T_Get_Adc), (52 bytes).
    Removing tsensor.o(i.T_Get_Adc_Average), (46 bytes).
    Removing tsensor.o(i.T_Get_Temp), (42 bytes).
    Removing lcd.o(i.Draw_Circle), (152 bytes).
    Removing lcd.o(i.LCD_BGR2RGB), (26 bytes).
    Removing lcd.o(i.LCD_Clear), (108 bytes).
    Removing lcd.o(i.LCD_Color_Fill), (96 bytes).
    Removing lcd.o(i.LCD_DisplayOff), (84 bytes).
    Removing lcd.o(i.LCD_DisplayOn), (84 bytes).
    Removing lcd.o(i.LCD_Display_Dir), (424 bytes).
    Removing lcd.o(i.LCD_DrawLine), (176 bytes).
    Removing lcd.o(i.LCD_DrawPoint), (36 bytes).
    Removing lcd.o(i.LCD_DrawRectangle), (60 bytes).
    Removing lcd.o(i.LCD_Fast_DrawPoint), (284 bytes).
    Removing lcd.o(i.LCD_Fill), (184 bytes).
    Removing lcd.o(i.LCD_Init), (14076 bytes).
    Removing lcd.o(i.LCD_Pow), (22 bytes).
    Removing lcd.o(i.LCD_RD_DATA), (12 bytes).
    Removing lcd.o(i.LCD_ReadPoint), (360 bytes).
    Removing lcd.o(i.LCD_ReadReg), (22 bytes).
    Removing lcd.o(i.LCD_Scan_Dir), (712 bytes).
    Removing lcd.o(i.LCD_SetCursor), (268 bytes).
    Removing lcd.o(i.LCD_Set_Window), (428 bytes).
    Removing lcd.o(i.LCD_ShowChar), (360 bytes).
    Removing lcd.o(i.LCD_ShowNum), (148 bytes).
    Removing lcd.o(i.LCD_ShowString), (102 bytes).
    Removing lcd.o(i.LCD_ShowxNum), (190 bytes).
    Removing lcd.o(i.LCD_WR_DATA), (12 bytes).
    Removing lcd.o(i.LCD_WR_REG), (12 bytes).
    Removing lcd.o(i.LCD_WriteRAM), (12 bytes).
    Removing lcd.o(i.LCD_WriteRAM_Prepare), (20 bytes).
    Removing lcd.o(i.LCD_WriteReg), (16 bytes).
    Removing lcd.o(i.opt_delay), (14 bytes).
    Removing lcd.o(.bss), (14 bytes).
    Removing lcd.o(.constdata), (2660 bytes).
    Removing lcd.o(.data), (4 bytes).
    Removing adc.o(i.ADC_dma_init), (24 bytes).
    Removing adc.o(i.Adc_Init), (220 bytes).
    Removing adc.o(i.Dma_Init), (96 bytes).
    Removing adc.o(i.adc_data), (116 bytes).
    Removing adc.o(.bss), (60 bytes).
    Removing fdiv.o(.text), (124 bytes).
    Removing fflti.o(.text), (18 bytes).
    Removing ffltui.o(.text), (10 bytes).
    Removing d2f.o(.text), (56 bytes).
    Removing fepilogue.o(.text), (110 bytes).

511 unused section(s) (total 41510 bytes) removed from the image.

==============================================================================

Image Symbol Table

    Local Symbols

    Symbol Name                              Value     Ov Type        Size  Object(Section)

    ../clib/microlib/ctype/ctype.c           0x00000000   Number         0  isalpha_o.o ABSOLUTE
    ../clib/microlib/ctype/ctype.c           0x00000000   Number         0  ispunct_o.o ABSOLUTE
    ../clib/microlib/ctype/ctype.c           0x00000000   Number         0  isprint_o.o ABSOLUTE
    ../clib/microlib/ctype/ctype.c           0x00000000   Number         0  isupper_o.o ABSOLUTE
    ../clib/microlib/ctype/ctype.c           0x00000000   Number         0  isspace_o.o ABSOLUTE
    ../clib/microlib/ctype/ctype.c           0x00000000   Number         0  ctype_o.o ABSOLUTE
    ../clib/microlib/ctype/ctype.c           0x00000000   Number         0  islower_o.o ABSOLUTE
    ../clib/microlib/ctype/ctype.c           0x00000000   Number         0  isgraph_o.o ABSOLUTE
    ../clib/microlib/ctype/ctype.c           0x00000000   Number         0  isdigit_o.o ABSOLUTE
    ../clib/microlib/ctype/ctype.c           0x00000000   Number         0  iscntrl_o.o ABSOLUTE
    ../clib/microlib/ctype/ctype.c           0x00000000   Number         0  isblank_o.o ABSOLUTE
    ../clib/microlib/ctype/ctype.c           0x00000000   Number         0  isxdigit_o.o ABSOLUTE
    ../clib/microlib/ctype/ctype.c           0x00000000   Number         0  isalnum_o.o ABSOLUTE
    ../clib/microlib/division.c              0x00000000   Number         0  uidiv.o ABSOLUTE
    ../clib/microlib/division.c              0x00000000   Number         0  uldiv.o ABSOLUTE
    ../clib/microlib/errno.c                 0x00000000   Number         0  errno.o ABSOLUTE
    ../clib/microlib/init/entry.s            0x00000000   Number         0  entry5.o ABSOLUTE
    ../clib/microlib/init/entry.s            0x00000000   Number         0  entry8b.o ABSOLUTE
    ../clib/microlib/init/entry.s            0x00000000   Number         0  entry2.o ABSOLUTE
    ../clib/microlib/init/entry.s            0x00000000   Number         0  entry.o ABSOLUTE
    ../clib/microlib/init/entry.s            0x00000000   Number         0  entry9a.o ABSOLUTE
    ../clib/microlib/init/entry.s            0x00000000   Number         0  entry10a.o ABSOLUTE
    ../clib/microlib/init/entry.s            0x00000000   Number         0  entry9b.o ABSOLUTE
    ../clib/microlib/init/entry.s            0x00000000   Number         0  entry10b.o ABSOLUTE
    ../clib/microlib/init/entry.s            0x00000000   Number         0  entry11a.o ABSOLUTE
    ../clib/microlib/init/entry.s            0x00000000   Number         0  entry11b.o ABSOLUTE
    ../clib/microlib/init/entry.s            0x00000000   Number         0  entry12a.o ABSOLUTE
    ../clib/microlib/init/entry.s            0x00000000   Number         0  entry7b.o ABSOLUTE
    ../clib/microlib/init/entry.s            0x00000000   Number         0  entry7a.o ABSOLUTE
    ../clib/microlib/init/entry.s            0x00000000   Number         0  entry12b.o ABSOLUTE
    ../clib/microlib/init/entry.s            0x00000000   Number         0  entry8a.o ABSOLUTE
    ../clib/microlib/longlong.c              0x00000000   Number         0  llsshr.o ABSOLUTE
    ../clib/microlib/longlong.c              0x00000000   Number         0  llshl.o ABSOLUTE
    ../clib/microlib/longlong.c              0x00000000   Number         0  llushr.o ABSOLUTE
    ../clib/microlib/malloc/malloc.c         0x00000000   Number         0  mallocr.o ABSOLUTE
    ../clib/microlib/malloc/malloc.c         0x00000000   Number         0  malloca.o ABSOLUTE
    ../clib/microlib/malloc/malloc.c         0x00000000   Number         0  mallocra.o ABSOLUTE
    ../clib/microlib/malloc/malloc.c         0x00000000   Number         0  malloc.o ABSOLUTE
    ../clib/microlib/malloc/mvars.c          0x00000000   Number         0  mvars.o ABSOLUTE
    ../clib/microlib/printf/printf.c         0x00000000   Number         0  printfb.o ABSOLUTE
    ../clib/microlib/printf/printf.c         0x00000000   Number         0  printf0.o ABSOLUTE
    ../clib/microlib/printf/printf.c         0x00000000   Number         0  printf5.o ABSOLUTE
    ../clib/microlib/printf/printf.c         0x00000000   Number         0  printf4.o ABSOLUTE
    ../clib/microlib/printf/printf.c         0x00000000   Number         0  printf6.o ABSOLUTE
    ../clib/microlib/printf/printf.c         0x00000000   Number         0  printf7.o ABSOLUTE
    ../clib/microlib/printf/printf.c         0x00000000   Number         0  printf8.o ABSOLUTE
    ../clib/microlib/printf/printf.c         0x00000000   Number         0  printf1.o ABSOLUTE
    ../clib/microlib/printf/printf.c         0x00000000   Number         0  printfa.o ABSOLUTE
    ../clib/microlib/printf/printf.c         0x00000000   Number         0  printf3.o ABSOLUTE
    ../clib/microlib/printf/printf.c         0x00000000   Number         0  printf2.o ABSOLUTE
    ../clib/microlib/printf/stubs.s          0x00000000   Number         0  stubs.o ABSOLUTE
    ../clib/microlib/stdio/fputc.c           0x00000000   Number         0  fputc.o ABSOLUTE
    ../clib/microlib/stdio/semi.s            0x00000000   Number         0  semi.o ABSOLUTE
    ../clib/microlib/stdio/streams.c         0x00000000   Number         0  stdout.o ABSOLUTE
    ../clib/microlib/string/memcpy.c         0x00000000   Number         0  memcpya.o ABSOLUTE
    ../clib/microlib/string/memcpy.c         0x00000000   Number         0  memcpyb.o ABSOLUTE
    ../clib/microlib/string/memset.c         0x00000000   Number         0  memseta.o ABSOLUTE
    ../clib/microlib/string/strcat.c         0x00000000   Number         0  strcat.o ABSOLUTE
    ../clib/microlib/string/strchr.c         0x00000000   Number         0  strchr.o ABSOLUTE
    ../clib/microlib/string/strlen.c         0x00000000   Number         0  strlen.o ABSOLUTE
    ../clib/microlib/string/strncat.c        0x00000000   Number         0  strncat.o ABSOLUTE
    ../clib/microlib/string/strstr.c         0x00000000   Number         0  strstr.o ABSOLUTE
    ../clib/microlib/stubs.s                 0x00000000   Number         0  iusesemip.o ABSOLUTE
    ../clib/microlib/stubs.s                 0x00000000   Number         0  iusefp.o ABSOLUTE
    ../clib/scanf.c                          0x00000000   Number         0  strtol.o ABSOLUTE
    ../clib/scanf.c                          0x00000000   Number         0  atoi.o ABSOLUTE
    ../clib/scanf.c                          0x00000000   Number         0  _chval.o ABSOLUTE
    ../clib/scanf.c                          0x00000000   Number         0  _strtoul.o ABSOLUTE
    ../fplib/microlib/d2f.c                  0x00000000   Number         0  d2f.o ABSOLUTE
    ../fplib/microlib/f2d.c                  0x00000000   Number         0  f2d.o ABSOLUTE
    ../fplib/microlib/fpadd.c                0x00000000   Number         0  dadd.o ABSOLUTE
    ../fplib/microlib/fpdiv.c                0x00000000   Number         0  ddiv.o ABSOLUTE
    ../fplib/microlib/fpdiv.c                0x00000000   Number         0  fdiv.o ABSOLUTE
    ../fplib/microlib/fpepilogue.c           0x00000000   Number         0  fepilogue.o ABSOLUTE
    ../fplib/microlib/fpepilogue.c           0x00000000   Number         0  depilogue.o ABSOLUTE
    ../fplib/microlib/fpfix.c                0x00000000   Number         0  dfixul.o ABSOLUTE
    ../fplib/microlib/fpflt.c                0x00000000   Number         0  ffltui.o ABSOLUTE
    ../fplib/microlib/fpflt.c                0x00000000   Number         0  fflti.o ABSOLUTE
    ../fplib/microlib/fpflt.c                0x00000000   Number         0  dfltui.o ABSOLUTE
    ../fplib/microlib/fpmul.c                0x00000000   Number         0  dmul.o ABSOLUTE
    ..\ESP_MQTT_Onenet\MQTT\MqttKit.c        0x00000000   Number         0  mqttkit.o ABSOLUTE
    ..\ESP_MQTT_Onenet\esp8266.c             0x00000000   Number         0  esp8266.o ABSOLUTE
    ..\ESP_MQTT_Onenet\onenet.c              0x00000000   Number         0  onenet.o ABSOLUTE
    ..\Libraies\CMSIS\core_cm3.c             0x00000000   Number         0  core_cm3.o ABSOLUTE
    ..\Libraies\CMSIS\startup\arm\startup_stm32f10x_hd.s 0x00000000   Number         0  startup_stm32f10x_hd.o ABSOLUTE
    ..\Libraies\CMSIS\system_stm32f10x.c     0x00000000   Number         0  system_stm32f10x.o ABSOLUTE
    ..\Libraies\src\misc.c                   0x00000000   Number         0  misc.o ABSOLUTE
    ..\Libraies\src\stm32f10x_adc.c          0x00000000   Number         0  stm32f10x_adc.o ABSOLUTE
    ..\Libraies\src\stm32f10x_bkp.c          0x00000000   Number         0  stm32f10x_bkp.o ABSOLUTE
    ..\Libraies\src\stm32f10x_can.c          0x00000000   Number         0  stm32f10x_can.o ABSOLUTE
    ..\Libraies\src\stm32f10x_cec.c          0x00000000   Number         0  stm32f10x_cec.o ABSOLUTE
    ..\Libraies\src\stm32f10x_crc.c          0x00000000   Number         0  stm32f10x_crc.o ABSOLUTE
    ..\Libraies\src\stm32f10x_dac.c          0x00000000   Number         0  stm32f10x_dac.o ABSOLUTE
    ..\Libraies\src\stm32f10x_dbgmcu.c       0x00000000   Number         0  stm32f10x_dbgmcu.o ABSOLUTE
    ..\Libraies\src\stm32f10x_dma.c          0x00000000   Number         0  stm32f10x_dma.o ABSOLUTE
    ..\Libraies\src\stm32f10x_exti.c         0x00000000   Number         0  stm32f10x_exti.o ABSOLUTE
    ..\Libraies\src\stm32f10x_flash.c        0x00000000   Number         0  stm32f10x_flash.o ABSOLUTE
    ..\Libraies\src\stm32f10x_fsmc.c         0x00000000   Number         0  stm32f10x_fsmc.o ABSOLUTE
    ..\Libraies\src\stm32f10x_gpio.c         0x00000000   Number         0  stm32f10x_gpio.o ABSOLUTE
    ..\Libraies\src\stm32f10x_i2c.c          0x00000000   Number         0  stm32f10x_i2c.o ABSOLUTE
    ..\Libraies\src\stm32f10x_iwdg.c         0x00000000   Number         0  stm32f10x_iwdg.o ABSOLUTE
    ..\Libraies\src\stm32f10x_pwr.c          0x00000000   Number         0  stm32f10x_pwr.o ABSOLUTE
    ..\Libraies\src\stm32f10x_rcc.c          0x00000000   Number         0  stm32f10x_rcc.o ABSOLUTE
    ..\Libraies\src\stm32f10x_rtc.c          0x00000000   Number         0  stm32f10x_rtc.o ABSOLUTE
    ..\Libraies\src\stm32f10x_sdio.c         0x00000000   Number         0  stm32f10x_sdio.o ABSOLUTE
    ..\Libraies\src\stm32f10x_spi.c          0x00000000   Number         0  stm32f10x_spi.o ABSOLUTE
    ..\Libraies\src\stm32f10x_tim.c          0x00000000   Number         0  stm32f10x_tim.o ABSOLUTE
    ..\Libraies\src\stm32f10x_usart.c        0x00000000   Number         0  stm32f10x_usart.o ABSOLUTE
    ..\Libraies\src\stm32f10x_wwdg.c         0x00000000   Number         0  stm32f10x_wwdg.o ABSOLUTE
    ..\My\Relay.c                            0x00000000   Number         0  relay.o ABSOLUTE
    ..\My\adc.c                              0x00000000   Number         0  adc.o ABSOLUTE
    ..\My\beep.c                             0x00000000   Number         0  beep.o ABSOLUTE
    ..\My\dht11.c                            0x00000000   Number         0  dht11.o ABSOLUTE
    ..\My\key.c                              0x00000000   Number         0  key.o ABSOLUTE
    ..\My\lcd.c                              0x00000000   Number         0  lcd.o ABSOLUTE
    ..\My\led.c                              0x00000000   Number         0  led.o ABSOLUTE
    ..\My\tsensor.c                          0x00000000   Number         0  tsensor.o ABSOLUTE
    ..\SYS\MyEXTI.c                          0x00000000   Number         0  myexti.o ABSOLUTE
    ..\SYS\Tim.c                             0x00000000   Number         0  tim.o ABSOLUTE
    ..\SYS\delay.c                           0x00000000   Number         0  delay.o ABSOLUTE
    ..\SYS\sys.c                             0x00000000   Number         0  sys.o ABSOLUTE
    ..\SYS\usart.c                           0x00000000   Number         0  usart.o ABSOLUTE
    ..\User\main.c                           0x00000000   Number         0  main.o ABSOLUTE
    ..\User\stm32f10x_it.c                   0x00000000   Number         0  stm32f10x_it.o ABSOLUTE
    ..\\Libraies\\CMSIS\\core_cm3.c          0x00000000   Number         0  core_cm3.o ABSOLUTE
    cdrcmple.s                               0x00000000   Number         0  cdrcmple.o ABSOLUTE
    dc.s                                     0x00000000   Number         0  dc.o ABSOLUTE
    handlers.s                               0x00000000   Number         0  handlers.o ABSOLUTE
    init.s                                   0x00000000   Number         0  init.o ABSOLUTE
    RESET                                    0x08000000   Section      304  startup_stm32f10x_hd.o(RESET)
    .ARM.Collect$$$$00000000                 0x08000130   Section        0  entry.o(.ARM.Collect$$$$00000000)
    .ARM.Collect$$$$00000001                 0x08000130   Section        4  entry2.o(.ARM.Collect$$$$00000001)
    .ARM.Collect$$$$00000004                 0x08000134   Section        4  entry5.o(.ARM.Collect$$$$00000004)
    .ARM.Collect$$$$00000008                 0x08000138   Section        0  entry7b.o(.ARM.Collect$$$$00000008)
    .ARM.Collect$$$$0000000A                 0x08000138   Section        0  entry8b.o(.ARM.Collect$$$$0000000A)
    .ARM.Collect$$$$0000000B                 0x08000138   Section        8  entry9a.o(.ARM.Collect$$$$0000000B)
    .ARM.Collect$$$$0000000E                 0x08000140   Section        4  entry12b.o(.ARM.Collect$$$$0000000E)
    .ARM.Collect$$$$0000000F                 0x08000144   Section        0  entry10a.o(.ARM.Collect$$$$0000000F)
    .ARM.Collect$$$$00000011                 0x08000144   Section        0  entry11a.o(.ARM.Collect$$$$00000011)
    .ARM.Collect$$$$00002712                 0x08000144   Section        4  entry2.o(.ARM.Collect$$$$00002712)
    __lit__00000000                          0x08000144   Data           4  entry2.o(.ARM.Collect$$$$00002712)
    .text                                    0x08000148   Section       36  startup_stm32f10x_hd.o(.text)
    .text                                    0x0800016c   Section        0  memcpya.o(.text)
    .text                                    0x08000190   Section        0  memseta.o(.text)
    .text                                    0x080001b4   Section        0  strcat.o(.text)
    .text                                    0x080001cc   Section        0  strstr.o(.text)
    .text                                    0x080001f0   Section        0  strchr.o(.text)
    .text                                    0x08000204   Section        0  strlen.o(.text)
    .text                                    0x08000212   Section        0  strncat.o(.text)
    .text                                    0x0800023a   Section        0  atoi.o(.text)
    .text                                    0x08000254   Section        0  dadd.o(.text)
    .text                                    0x080003a2   Section        0  dmul.o(.text)
    .text                                    0x08000486   Section        0  ddiv.o(.text)
    .text                                    0x08000564   Section        0  dfltui.o(.text)
    .text                                    0x0800057e   Section        0  f2d.o(.text)
    .text                                    0x080005a4   Section        0  uidiv.o(.text)
    .text                                    0x080005d0   Section        0  uldiv.o(.text)
    .text                                    0x08000632   Section        0  llshl.o(.text)
    .text                                    0x08000650   Section        0  llsshr.o(.text)
    .text                                    0x08000674   Section        0  strtol.o(.text)
    .text                                    0x080006e4   Section        0  depilogue.o(.text)
    .text                                    0x080006e4   Section        0  iusefp.o(.text)
    .text                                    0x0800079e   Section        0  dfixul.o(.text)
    .text                                    0x080007d0   Section       48  cdrcmple.o(.text)
    .text                                    0x08000800   Section       36  init.o(.text)
    .text                                    0x08000824   Section        0  llushr.o(.text)
    .text                                    0x08000844   Section        0  ctype_o.o(.text)
    .text                                    0x0800084c   Section        0  _strtoul.o(.text)
    .text                                    0x080008ea   Section        0  _chval.o(.text)
    i.BusFault_Handler                       0x08000906   Section        0  stm32f10x_it.o(i.BusFault_Handler)
    i.DHT11_Check                            0x0800090c   Section        0  dht11.o(i.DHT11_Check)
    i.DHT11_Init                             0x08000970   Section        0  dht11.o(i.DHT11_Init)
    i.DHT11_Read_Bit                         0x080009ac   Section        0  dht11.o(i.DHT11_Read_Bit)
    i.DHT11_Read_Byte                        0x080009f8   Section        0  dht11.o(i.DHT11_Read_Byte)
    i.DHT11_Read_Data                        0x08000a18   Section        0  dht11.o(i.DHT11_Read_Data)
    i.DHT11_Rst                              0x08000ad0   Section        0  dht11.o(i.DHT11_Rst)
    i.DebugMon_Handler                       0x08000b10   Section        0  stm32f10x_it.o(i.DebugMon_Handler)
    i.Delay_Init                             0x08000b14   Section        0  delay.o(i.Delay_Init)
    i.ESP8266_Clear                          0x08000b4c   Section        0  esp8266.o(i.ESP8266_Clear)
    i.ESP8266_GetIPD                         0x08000b68   Section        0  esp8266.o(i.ESP8266_GetIPD)
    i.ESP8266_Init                           0x08000bb8   Section        0  esp8266.o(i.ESP8266_Init)
    i.ESP8266_SendCmd                        0x08000d84   Section        0  esp8266.o(i.ESP8266_SendCmd)
    i.ESP8266_SendData                       0x08000ddc   Section        0  esp8266.o(i.ESP8266_SendData)
    i.ESP8266_WaitRecive                     0x08000e24   Section        0  esp8266.o(i.ESP8266_WaitRecive)
    i.EXTI0_IRQHandler                       0x08000e58   Section        0  myexti.o(i.EXTI0_IRQHandler)
    i.EXTI2_IRQHandler                       0x08000e98   Section        0  myexti.o(i.EXTI2_IRQHandler)
    i.EXTI3_IRQHandler                       0x08000ed8   Section        0  myexti.o(i.EXTI3_IRQHandler)
    i.EXTI4_IRQHandler                       0x08000f18   Section        0  myexti.o(i.EXTI4_IRQHandler)
    i.EXTIX_Init                             0x08000f58   Section        0  myexti.o(i.EXTIX_Init)
    i.EXTI_ClearITPendingBit                 0x08001068   Section        0  stm32f10x_exti.o(i.EXTI_ClearITPendingBit)
    i.EXTI_Init                              0x08001074   Section        0  stm32f10x_exti.o(i.EXTI_Init)
    i.GET_Cmd                                0x08001108   Section        0  main.o(i.GET_Cmd)
    i.GPIO_EXTILineConfig                    0x08001120   Section        0  stm32f10x_gpio.o(i.GPIO_EXTILineConfig)
    i.GPIO_Init                              0x08001160   Section        0  stm32f10x_gpio.o(i.GPIO_Init)
    i.GPIO_PinRemapConfig                    0x08001278   Section        0  stm32f10x_gpio.o(i.GPIO_PinRemapConfig)
    i.GPIO_ReadInputDataBit                  0x08001308   Section        0  stm32f10x_gpio.o(i.GPIO_ReadInputDataBit)
    i.GPIO_SetBits                           0x0800131a   Section        0  stm32f10x_gpio.o(i.GPIO_SetBits)
    i.GPIO_WriteBit                          0x0800131e   Section        0  stm32f10x_gpio.o(i.GPIO_WriteBit)
    i.HardFault_Handler                      0x08001328   Section        0  stm32f10x_it.o(i.HardFault_Handler)
    i.KEY_Init                               0x0800132c   Section        0  key.o(i.KEY_Init)
    i.LED_Init                               0x08001384   Section        0  led.o(i.LED_Init)
    i.MQTT_DeleteBuffer                      0x080013c4   Section        0  mqttkit.o(i.MQTT_DeleteBuffer)
    i.MQTT_DumpLength                        0x080013e0   Section        0  mqttkit.o(i.MQTT_DumpLength)
    i.MQTT_NewBuffer                         0x0800140e   Section        0  mqttkit.o(i.MQTT_NewBuffer)
    i.MQTT_PacketCmdResp                     0x08001468   Section        0  mqttkit.o(i.MQTT_PacketCmdResp)
    i.MQTT_PacketConnect                     0x080014f4   Section        0  mqttkit.o(i.MQTT_PacketConnect)
    i.MQTT_PacketPing                        0x08001794   Section        0  mqttkit.o(i.MQTT_PacketPing)
    i.MQTT_PacketPublish                     0x080017c4   Section        0  mqttkit.o(i.MQTT_PacketPublish)
    i.MQTT_PacketSaveData                    0x080018f4   Section        0  mqttkit.o(i.MQTT_PacketSaveData)
    i.MQTT_Ping                              0x08001950   Section        0  esp8266.o(i.MQTT_Ping)
    i.MQTT_ReadLength                        0x080019ac   Section        0  mqttkit.o(i.MQTT_ReadLength)
    i.MQTT_UnPacketCmd                       0x080019f2   Section        0  mqttkit.o(i.MQTT_UnPacketCmd)
    i.MQTT_UnPacketConnectAck                0x08001a7e   Section        0  mqttkit.o(i.MQTT_UnPacketConnectAck)
    i.MQTT_UnPacketPublishAck                0x08001a9c   Section        0  mqttkit.o(i.MQTT_UnPacketPublishAck)
    i.MQTT_UnPacketRecv                      0x08001abc   Section        0  mqttkit.o(i.MQTT_UnPacketRecv)
    i.MemManage_Handler                      0x08001b30   Section        0  stm32f10x_it.o(i.MemManage_Handler)
    i.NMI_Handler                            0x08001b34   Section        0  stm32f10x_it.o(i.NMI_Handler)
    i.NVIC_Init                              0x08001b38   Section        0  misc.o(i.NVIC_Init)
    i.NVIC_PriorityGroupConfig               0x08001ba8   Section        0  misc.o(i.NVIC_PriorityGroupConfig)
    i.OneNet_DevLink                         0x08001bbc   Section        0  onenet.o(i.OneNet_DevLink)
    i.OneNet_FillBuf                         0x08001df4   Section        0  onenet.o(i.OneNet_FillBuf)
    i.OneNet_RevPro                          0x08001f24   Section        0  onenet.o(i.OneNet_RevPro)
    i.OneNet_SendData                        0x080020b0   Section        0  onenet.o(i.OneNet_SendData)
    i.PendSV_Handler                         0x080021a4   Section        0  stm32f10x_it.o(i.PendSV_Handler)
    i.RCC_APB1PeriphClockCmd                 0x080021a8   Section        0  stm32f10x_rcc.o(i.RCC_APB1PeriphClockCmd)
    i.RCC_APB2PeriphClockCmd                 0x080021c8   Section        0  stm32f10x_rcc.o(i.RCC_APB2PeriphClockCmd)
    i.RCC_GetClocksFreq                      0x080021e8   Section        0  stm32f10x_rcc.o(i.RCC_GetClocksFreq)
    i.Relay_Init                             0x080022bc   Section        0  relay.o(i.Relay_Init)
    i.SVC_Handler                            0x080022e8   Section        0  stm32f10x_it.o(i.SVC_Handler)
    i.SetSysClock                            0x080022ea   Section        0  system_stm32f10x.o(i.SetSysClock)
    SetSysClock                              0x080022eb   Thumb Code     8  system_stm32f10x.o(i.SetSysClock)
    i.SetSysClockTo72                        0x080022f4   Section        0  system_stm32f10x.o(i.SetSysClockTo72)
    SetSysClockTo72                          0x080022f5   Thumb Code   214  system_stm32f10x.o(i.SetSysClockTo72)
    i.Setkey                                 0x080023d4   Section        0  relay.o(i.Setkey)
    i.SysTick_Handler                        0x080023d6   Section        0  stm32f10x_it.o(i.SysTick_Handler)
    i.SystemInit                             0x080023d8   Section        0  system_stm32f10x.o(i.SystemInit)
    i.TIM1_UP_IRQHandler                     0x08002438   Section        0  tim.o(i.TIM1_UP_IRQHandler)
    i.TIM2_IRQHandler                        0x080024a4   Section        0  tim.o(i.TIM2_IRQHandler)
    i.TIM_ClearFlag                          0x080024a6   Section        0  stm32f10x_tim.o(i.TIM_ClearFlag)
    i.TIM_ClearITPendingBit                  0x080024ac   Section        0  stm32f10x_tim.o(i.TIM_ClearITPendingBit)
    i.TIM_Cmd                                0x080024b2   Section        0  stm32f10x_tim.o(i.TIM_Cmd)
    i.TIM_GetITStatus                        0x080024ca   Section        0  stm32f10x_tim.o(i.TIM_GetITStatus)
    i.TIM_ITConfig                           0x080024ec   Section        0  stm32f10x_tim.o(i.TIM_ITConfig)
    i.TIM_OC1Init                            0x08002500   Section        0  stm32f10x_tim.o(i.TIM_OC1Init)
    i.TIM_OC1PreloadConfig                   0x08002598   Section        0  stm32f10x_tim.o(i.TIM_OC1PreloadConfig)
    i.TIM_SetCompare1                        0x080025aa   Section        0  stm32f10x_tim.o(i.TIM_SetCompare1)
    i.TIM_TimeBaseInit                       0x080025b0   Section        0  stm32f10x_tim.o(i.TIM_TimeBaseInit)
    i.Tim1_Init                              0x08002654   Section        0  tim.o(i.Tim1_Init)
    i.USART1_IRQHandler                      0x080026c4   Section        0  usart.o(i.USART1_IRQHandler)
    i.USART2_IRQHandler                      0x080026e0   Section        0  esp8266.o(i.USART2_IRQHandler)
    i.USART_ClearFlag                        0x0800272c   Section        0  stm32f10x_usart.o(i.USART_ClearFlag)
    i.USART_Cmd                              0x0800273e   Section        0  stm32f10x_usart.o(i.USART_Cmd)
    i.USART_GetFlagStatus                    0x08002756   Section        0  stm32f10x_usart.o(i.USART_GetFlagStatus)
    i.USART_GetITStatus                      0x08002770   Section        0  stm32f10x_usart.o(i.USART_GetITStatus)
    i.USART_ITConfig                         0x080027c4   Section        0  stm32f10x_usart.o(i.USART_ITConfig)
    i.USART_Init                             0x08002810   Section        0  stm32f10x_usart.o(i.USART_Init)
    i.USART_SendData                         0x080028e8   Section        0  stm32f10x_usart.o(i.USART_SendData)
    i.UsageFault_Handler                     0x080028f0   Section        0  stm32f10x_it.o(i.UsageFault_Handler)
    i.Usart1_Init                            0x080028f4   Section        0  usart.o(i.Usart1_Init)
    i.Usart2_Init                            0x080029a4   Section        0  usart.o(i.Usart2_Init)
    i.UsartPrintf                            0x08002a50   Section        0  usart.o(i.UsartPrintf)
    i.Usart_SendString                       0x08002a98   Section        0  usart.o(i.Usart_SendString)
    i.__0sprintf                             0x08002acc   Section        0  printfa.o(i.__0sprintf)
    i.__0vsnprintf                           0x08002af4   Section        0  printfa.o(i.__0vsnprintf)
    i.__aeabi_errno_addr                     0x08002b28   Section        0  errno.o(i.__aeabi_errno_addr)
    i.__scatterload_copy                     0x08002b30   Section       14  handlers.o(i.__scatterload_copy)
    i.__scatterload_null                     0x08002b3e   Section        2  handlers.o(i.__scatterload_null)
    i.__scatterload_zeroinit                 0x08002b40   Section       14  handlers.o(i.__scatterload_zeroinit)
    i._fp_digits                             0x08002b50   Section        0  printfa.o(i._fp_digits)
    _fp_digits                               0x08002b51   Thumb Code   366  printfa.o(i._fp_digits)
    i._printf_core                           0x08002cd4   Section        0  printfa.o(i._printf_core)
    _printf_core                             0x08002cd5   Thumb Code  1704  printfa.o(i._printf_core)
    i._printf_post_padding                   0x08003388   Section        0  printfa.o(i._printf_post_padding)
    _printf_post_padding                     0x08003389   Thumb Code    36  printfa.o(i._printf_post_padding)
    i._printf_pre_padding                    0x080033ac   Section        0  printfa.o(i._printf_pre_padding)
    _printf_pre_padding                      0x080033ad   Thumb Code    46  printfa.o(i._printf_pre_padding)
    i._snputc                                0x080033da   Section        0  printfa.o(i._snputc)
    _snputc                                  0x080033db   Thumb Code    22  printfa.o(i._snputc)
    i._sputc                                 0x080033f0   Section        0  printfa.o(i._sputc)
    _sputc                                   0x080033f1   Thumb Code    10  printfa.o(i._sputc)
    i.delay_ms                               0x080033fc   Section        0  delay.o(i.delay_ms)
    i.delay_us                               0x08003444   Section        0  delay.o(i.delay_us)
    i.free                                   0x08003484   Section        0  malloc.o(i.free)
    i.main                                   0x080034d4   Section        0  main.o(i.main)
    i.malloc                                 0x0800361c   Section        0  malloc.o(i.malloc)
    i.pwm_init                               0x08003688   Section        0  tim.o(i.pwm_init)
    i.scan                                   0x08003720   Section        0  key.o(i.scan)
    .constdata                               0x08003744   Section      129  ctype_o.o(.constdata)
    .constdata                               0x080037c8   Section        4  ctype_o.o(.constdata)
    table                                    0x080037c8   Data           4  ctype_o.o(.constdata)
    .data                                    0x20000000   Section       20  stm32f10x_rcc.o(.data)
    APBAHBPrescTable                         0x20000000   Data          16  stm32f10x_rcc.o(.data)
    ADCPrescTable                            0x20000010   Data           4  stm32f10x_rcc.o(.data)
    .data                                    0x20000014   Section        8  tim.o(.data)
    temp_count                               0x20000014   Data           4  tim.o(.data)
    ping_count                               0x20000018   Data           4  tim.o(.data)
    .data                                    0x2000001c   Section        4  delay.o(.data)
    .data                                    0x20000020   Section        4  esp8266.o(.data)
    .data                                    0x20000028   Section       37  onenet.o(.data)
    .data                                    0x20000050   Section        6  main.o(.data)
    .data                                    0x20000058   Section        4  mvars.o(.data)
    .data                                    0x2000005c   Section        4  mvars.o(.data)
    .data                                    0x20000060   Section        4  errno.o(.data)
    _errno                                   0x20000060   Data           4  errno.o(.data)
    .bss                                     0x20000064   Section      200  esp8266.o(.bss)
    HEAP                                     0x20000130   Section      512  startup_stm32f10x_hd.o(HEAP)
    STACK                                    0x20000330   Section     1024  startup_stm32f10x_hd.o(STACK)

    Global Symbols

    Symbol Name                              Value     Ov Type        Size  Object(Section)

    BuildAttributes$$THM_ISAv4$P$D$K$B$S$PE$A:L22UL41UL21$X:L11$S22US41US21$IEEE1$IW$USESV6$~STKCKD$USESV7$~SHL$OTIME$ROPI$EBA8$MICROLIB$REQ8$PRES8$EABIv2 0x00000000   Number         0  anon$$obj.o ABSOLUTE
    __ARM_use_no_argv                        0x00000000   Number         0  main.o ABSOLUTE
    _printf_a                                0x00000000   Number         0  stubs.o ABSOLUTE
    _printf_c                                0x00000000   Number         0  stubs.o ABSOLUTE
    _printf_charcount                        0x00000000   Number         0  stubs.o ABSOLUTE
    _printf_d                                0x00000000   Number         0  stubs.o ABSOLUTE
    _printf_e                                0x00000000   Number         0  stubs.o ABSOLUTE
    _printf_f                                0x00000000   Number         0  stubs.o ABSOLUTE
    _printf_flags                            0x00000000   Number         0  stubs.o ABSOLUTE
    _printf_fp_dec                           0x00000000   Number         0  stubs.o ABSOLUTE
    _printf_fp_hex                           0x00000000   Number         0  stubs.o ABSOLUTE
    _printf_g                                0x00000000   Number         0  stubs.o ABSOLUTE
    _printf_i                                0x00000000   Number         0  stubs.o ABSOLUTE
    _printf_int_dec                          0x00000000   Number         0  stubs.o ABSOLUTE
    _printf_l                                0x00000000   Number         0  stubs.o ABSOLUTE
    _printf_lc                               0x00000000   Number         0  stubs.o ABSOLUTE
    _printf_ll                               0x00000000   Number         0  stubs.o ABSOLUTE
    _printf_lld                              0x00000000   Number         0  stubs.o ABSOLUTE
    _printf_lli                              0x00000000   Number         0  stubs.o ABSOLUTE
    _printf_llo                              0x00000000   Number         0  stubs.o ABSOLUTE
    _printf_llu                              0x00000000   Number         0  stubs.o ABSOLUTE
    _printf_llx                              0x00000000   Number         0  stubs.o ABSOLUTE
    _printf_longlong_dec                     0x00000000   Number         0  stubs.o ABSOLUTE
    _printf_longlong_hex                     0x00000000   Number         0  stubs.o ABSOLUTE
    _printf_longlong_oct                     0x00000000   Number         0  stubs.o ABSOLUTE
    _printf_ls                               0x00000000   Number         0  stubs.o ABSOLUTE
    _printf_mbtowc                           0x00000000   Number         0  stubs.o ABSOLUTE
    _printf_n                                0x00000000   Number         0  stubs.o ABSOLUTE
    _printf_o                                0x00000000   Number         0  stubs.o ABSOLUTE
    _printf_p                                0x00000000   Number         0  stubs.o ABSOLUTE
    _printf_percent                          0x00000000   Number         0  stubs.o ABSOLUTE
    _printf_pre_padding                      0x00000000   Number         0  stubs.o ABSOLUTE
    _printf_return_value                     0x00000000   Number         0  stubs.o ABSOLUTE
    _printf_s                                0x00000000   Number         0  stubs.o ABSOLUTE
    _printf_sizespec                         0x00000000   Number         0  stubs.o ABSOLUTE
    _printf_str                              0x00000000   Number         0  stubs.o ABSOLUTE
    _printf_truncate_signed                  0x00000000   Number         0  stubs.o ABSOLUTE
    _printf_truncate_unsigned                0x00000000   Number         0  stubs.o ABSOLUTE
    _printf_u                                0x00000000   Number         0  stubs.o ABSOLUTE
    _printf_wc                               0x00000000   Number         0  stubs.o ABSOLUTE
    _printf_wctomb                           0x00000000   Number         0  stubs.o ABSOLUTE
    _printf_widthprec                        0x00000000   Number         0  stubs.o ABSOLUTE
    _printf_x                                0x00000000   Number         0  stubs.o ABSOLUTE
    __arm_fini_                               - Undefined Weak Reference
    __cpp_initialize__aeabi_                  - Undefined Weak Reference
    __cxa_finalize                            - Undefined Weak Reference
    __decompress                              - Undefined Weak Reference
    _clock_init                               - Undefined Weak Reference
    _microlib_exit                            - Undefined Weak Reference
    __Vectors_Size                           0x00000130   Number         0  startup_stm32f10x_hd.o ABSOLUTE
    __Vectors                                0x08000000   Data           4  startup_stm32f10x_hd.o(RESET)
    __Vectors_End                            0x08000130   Data           0  startup_stm32f10x_hd.o(RESET)
    __main                                   0x08000131   Thumb Code     0  entry.o(.ARM.Collect$$$$00000000)
    _main_stk                                0x08000131   Thumb Code     0  entry2.o(.ARM.Collect$$$$00000001)
    _main_scatterload                        0x08000135   Thumb Code     0  entry5.o(.ARM.Collect$$$$00000004)
    __main_after_scatterload                 0x08000139   Thumb Code     0  entry5.o(.ARM.Collect$$$$00000004)
    _main_clock                              0x08000139   Thumb Code     0  entry7b.o(.ARM.Collect$$$$00000008)
    _main_cpp_init                           0x08000139   Thumb Code     0  entry8b.o(.ARM.Collect$$$$0000000A)
    _main_init                               0x08000139   Thumb Code     0  entry9a.o(.ARM.Collect$$$$0000000B)
    __rt_lib_shutdown_fini                   0x08000141   Thumb Code     0  entry12b.o(.ARM.Collect$$$$0000000E)
    __rt_final_cpp                           0x08000145   Thumb Code     0  entry10a.o(.ARM.Collect$$$$0000000F)
    __rt_final_exit                          0x08000145   Thumb Code     0  entry11a.o(.ARM.Collect$$$$00000011)
    Reset_Handler                            0x08000149   Thumb Code     8  startup_stm32f10x_hd.o(.text)
    ADC1_2_IRQHandler                        0x08000163   Thumb Code     0  startup_stm32f10x_hd.o(.text)
    ADC3_IRQHandler                          0x08000163   Thumb Code     0  startup_stm32f10x_hd.o(.text)
    CAN1_RX1_IRQHandler                      0x08000163   Thumb Code     0  startup_stm32f10x_hd.o(.text)
    CAN1_SCE_IRQHandler                      0x08000163   Thumb Code     0  startup_stm32f10x_hd.o(.text)
    DMA1_Channel1_IRQHandler                 0x08000163   Thumb Code     0  startup_stm32f10x_hd.o(.text)
    DMA1_Channel2_IRQHandler                 0x08000163   Thumb Code     0  startup_stm32f10x_hd.o(.text)
    DMA1_Channel3_IRQHandler                 0x08000163   Thumb Code     0  startup_stm32f10x_hd.o(.text)
    DMA1_Channel4_IRQHandler                 0x08000163   Thumb Code     0  startup_stm32f10x_hd.o(.text)
    DMA1_Channel5_IRQHandler                 0x08000163   Thumb Code     0  startup_stm32f10x_hd.o(.text)
    DMA1_Channel6_IRQHandler                 0x08000163   Thumb Code     0  startup_stm32f10x_hd.o(.text)
    DMA1_Channel7_IRQHandler                 0x08000163   Thumb Code     0  startup_stm32f10x_hd.o(.text)
    DMA2_Channel1_IRQHandler                 0x08000163   Thumb Code     0  startup_stm32f10x_hd.o(.text)
    DMA2_Channel2_IRQHandler                 0x08000163   Thumb Code     0  startup_stm32f10x_hd.o(.text)
    DMA2_Channel3_IRQHandler                 0x08000163   Thumb Code     0  startup_stm32f10x_hd.o(.text)
    DMA2_Channel4_5_IRQHandler               0x08000163   Thumb Code     0  startup_stm32f10x_hd.o(.text)
    EXTI15_10_IRQHandler                     0x08000163   Thumb Code     0  startup_stm32f10x_hd.o(.text)
    EXTI1_IRQHandler                         0x08000163   Thumb Code     0  startup_stm32f10x_hd.o(.text)
    EXTI9_5_IRQHandler                       0x08000163   Thumb Code     0  startup_stm32f10x_hd.o(.text)
    FLASH_IRQHandler                         0x08000163   Thumb Code     0  startup_stm32f10x_hd.o(.text)
    FSMC_IRQHandler                          0x08000163   Thumb Code     0  startup_stm32f10x_hd.o(.text)
    I2C1_ER_IRQHandler                       0x08000163   Thumb Code     0  startup_stm32f10x_hd.o(.text)
    I2C1_EV_IRQHandler                       0x08000163   Thumb Code     0  startup_stm32f10x_hd.o(.text)
    I2C2_ER_IRQHandler                       0x08000163   Thumb Code     0  startup_stm32f10x_hd.o(.text)
    I2C2_EV_IRQHandler                       0x08000163   Thumb Code     0  startup_stm32f10x_hd.o(.text)
    PVD_IRQHandler                           0x08000163   Thumb Code     0  startup_stm32f10x_hd.o(.text)
    RCC_IRQHandler                           0x08000163   Thumb Code     0  startup_stm32f10x_hd.o(.text)
    RTCAlarm_IRQHandler                      0x08000163   Thumb Code     0  startup_stm32f10x_hd.o(.text)
    RTC_IRQHandler                           0x08000163   Thumb Code     0  startup_stm32f10x_hd.o(.text)
    SDIO_IRQHandler                          0x08000163   Thumb Code     0  startup_stm32f10x_hd.o(.text)
    SPI1_IRQHandler                          0x08000163   Thumb Code     0  startup_stm32f10x_hd.o(.text)
    SPI2_IRQHandler                          0x08000163   Thumb Code     0  startup_stm32f10x_hd.o(.text)
    SPI3_IRQHandler                          0x08000163   Thumb Code     0  startup_stm32f10x_hd.o(.text)
    TAMPER_IRQHandler                        0x08000163   Thumb Code     0  startup_stm32f10x_hd.o(.text)
    TIM1_BRK_IRQHandler                      0x08000163   Thumb Code     0  startup_stm32f10x_hd.o(.text)
    TIM1_CC_IRQHandler                       0x08000163   Thumb Code     0  startup_stm32f10x_hd.o(.text)
    TIM1_TRG_COM_IRQHandler                  0x08000163   Thumb Code     0  startup_stm32f10x_hd.o(.text)
    TIM3_IRQHandler                          0x08000163   Thumb Code     0  startup_stm32f10x_hd.o(.text)
    TIM4_IRQHandler                          0x08000163   Thumb Code     0  startup_stm32f10x_hd.o(.text)
    TIM5_IRQHandler                          0x08000163   Thumb Code     0  startup_stm32f10x_hd.o(.text)
    TIM6_IRQHandler                          0x08000163   Thumb Code     0  startup_stm32f10x_hd.o(.text)
    TIM7_IRQHandler                          0x08000163   Thumb Code     0  startup_stm32f10x_hd.o(.text)
    TIM8_BRK_IRQHandler                      0x08000163   Thumb Code     0  startup_stm32f10x_hd.o(.text)
    TIM8_CC_IRQHandler                       0x08000163   Thumb Code     0  startup_stm32f10x_hd.o(.text)
    TIM8_TRG_COM_IRQHandler                  0x08000163   Thumb Code     0  startup_stm32f10x_hd.o(.text)
    TIM8_UP_IRQHandler                       0x08000163   Thumb Code     0  startup_stm32f10x_hd.o(.text)
    UART4_IRQHandler                         0x08000163   Thumb Code     0  startup_stm32f10x_hd.o(.text)
    UART5_IRQHandler                         0x08000163   Thumb Code     0  startup_stm32f10x_hd.o(.text)
    USART3_IRQHandler                        0x08000163   Thumb Code     0  startup_stm32f10x_hd.o(.text)
    USBWakeUp_IRQHandler                     0x08000163   Thumb Code     0  startup_stm32f10x_hd.o(.text)
    USB_HP_CAN1_TX_IRQHandler                0x08000163   Thumb Code     0  startup_stm32f10x_hd.o(.text)
    USB_LP_CAN1_RX0_IRQHandler               0x08000163   Thumb Code     0  startup_stm32f10x_hd.o(.text)
    WWDG_IRQHandler                          0x08000163   Thumb Code     0  startup_stm32f10x_hd.o(.text)
    __aeabi_memcpy                           0x0800016d   Thumb Code    36  memcpya.o(.text)
    __aeabi_memcpy4                          0x0800016d   Thumb Code     0  memcpya.o(.text)
    __aeabi_memcpy8                          0x0800016d   Thumb Code     0  memcpya.o(.text)
    __aeabi_memset                           0x08000191   Thumb Code    14  memseta.o(.text)
    __aeabi_memset4                          0x08000191   Thumb Code     0  memseta.o(.text)
    __aeabi_memset8                          0x08000191   Thumb Code     0  memseta.o(.text)
    __aeabi_memclr                           0x0800019f   Thumb Code     4  memseta.o(.text)
    __aeabi_memclr4                          0x0800019f   Thumb Code     0  memseta.o(.text)
    __aeabi_memclr8                          0x0800019f   Thumb Code     0  memseta.o(.text)
    _memset$wrapper                          0x080001a3   Thumb Code    18  memseta.o(.text)
    strcat                                   0x080001b5   Thumb Code    24  strcat.o(.text)
    strstr                                   0x080001cd   Thumb Code    36  strstr.o(.text)
    strchr                                   0x080001f1   Thumb Code    20  strchr.o(.text)
    strlen                                   0x08000205   Thumb Code    14  strlen.o(.text)
    strncat                                  0x08000213   Thumb Code    40  strncat.o(.text)
    atoi                                     0x0800023b   Thumb Code    26  atoi.o(.text)
    __aeabi_dadd                             0x08000255   Thumb Code   322  dadd.o(.text)
    __aeabi_dsub                             0x08000397   Thumb Code     6  dadd.o(.text)
    __aeabi_drsub                            0x0800039d   Thumb Code     6  dadd.o(.text)
    __aeabi_dmul                             0x080003a3   Thumb Code   228  dmul.o(.text)
    __aeabi_ddiv                             0x08000487   Thumb Code   222  ddiv.o(.text)
    __aeabi_ui2d                             0x08000565   Thumb Code    26  dfltui.o(.text)
    __aeabi_f2d                              0x0800057f   Thumb Code    38  f2d.o(.text)
    __aeabi_uidiv                            0x080005a5   Thumb Code     0  uidiv.o(.text)
    __aeabi_uidivmod                         0x080005a5   Thumb Code    44  uidiv.o(.text)
    __aeabi_uldivmod                         0x080005d1   Thumb Code    98  uldiv.o(.text)
    __aeabi_llsl                             0x08000633   Thumb Code    30  llshl.o(.text)
    _ll_shift_l                              0x08000633   Thumb Code     0  llshl.o(.text)
    __aeabi_lasr                             0x08000651   Thumb Code    36  llsshr.o(.text)
    _ll_sshift_r                             0x08000651   Thumb Code     0  llsshr.o(.text)
    strtol                                   0x08000675   Thumb Code   112  strtol.o(.text)
    __I$use$fp                               0x080006e5   Thumb Code     0  iusefp.o(.text)
    _double_round                            0x080006e5   Thumb Code    30  depilogue.o(.text)
    _double_epilogue                         0x08000703   Thumb Code   156  depilogue.o(.text)
    __aeabi_d2ulz                            0x0800079f   Thumb Code    48  dfixul.o(.text)
    __aeabi_cdrcmple                         0x080007d1   Thumb Code    48  cdrcmple.o(.text)
    __scatterload                            0x08000801   Thumb Code    28  init.o(.text)
    __scatterload_rt2                        0x08000801   Thumb Code     0  init.o(.text)
    __aeabi_llsr                             0x08000825   Thumb Code    32  llushr.o(.text)
    _ll_ushift_r                             0x08000825   Thumb Code     0  llushr.o(.text)
    __rt_ctype_table                         0x08000845   Thumb Code     4  ctype_o.o(.text)
    _strtoul                                 0x0800084d   Thumb Code   158  _strtoul.o(.text)
    _chval                                   0x080008eb   Thumb Code    28  _chval.o(.text)
    BusFault_Handler                         0x08000907   Thumb Code     4  stm32f10x_it.o(i.BusFault_Handler)
    DHT11_Check                              0x0800090d   Thumb Code    92  dht11.o(i.DHT11_Check)
    DHT11_Init                               0x08000971   Thumb Code    54  dht11.o(i.DHT11_Init)
    DHT11_Read_Bit                           0x080009ad   Thumb Code    70  dht11.o(i.DHT11_Read_Bit)
    DHT11_Read_Byte                          0x080009f9   Thumb Code    30  dht11.o(i.DHT11_Read_Byte)
    DHT11_Read_Data                          0x08000a19   Thumb Code   172  dht11.o(i.DHT11_Read_Data)
    DHT11_Rst                                0x08000ad1   Thumb Code    52  dht11.o(i.DHT11_Rst)
    DebugMon_Handler                         0x08000b11   Thumb Code     2  stm32f10x_it.o(i.DebugMon_Handler)
    Delay_Init                               0x08000b15   Thumb Code    48  delay.o(i.Delay_Init)
    ESP8266_Clear                            0x08000b4d   Thumb Code    18  esp8266.o(i.ESP8266_Clear)
    ESP8266_GetIPD                           0x08000b69   Thumb Code    68  esp8266.o(i.ESP8266_GetIPD)
    ESP8266_Init                             0x08000bb9   Thumb Code   220  esp8266.o(i.ESP8266_Init)
    ESP8266_SendCmd                          0x08000d85   Thumb Code    80  esp8266.o(i.ESP8266_SendCmd)
    ESP8266_SendData                         0x08000ddd   Thumb Code    46  esp8266.o(i.ESP8266_SendData)
    ESP8266_WaitRecive                       0x08000e25   Thumb Code    42  esp8266.o(i.ESP8266_WaitRecive)
    EXTI0_IRQHandler                         0x08000e59   Thumb Code    34  myexti.o(i.EXTI0_IRQHandler)
    EXTI2_IRQHandler                         0x08000e99   Thumb Code    34  myexti.o(i.EXTI2_IRQHandler)
    EXTI3_IRQHandler                         0x08000ed9   Thumb Code    34  myexti.o(i.EXTI3_IRQHandler)
    EXTI4_IRQHandler                         0x08000f19   Thumb Code    34  myexti.o(i.EXTI4_IRQHandler)
    EXTIX_Init                               0x08000f59   Thumb Code   272  myexti.o(i.EXTIX_Init)
    EXTI_ClearITPendingBit                   0x08001069   Thumb Code     6  stm32f10x_exti.o(i.EXTI_ClearITPendingBit)
    EXTI_Init                                0x08001075   Thumb Code   142  stm32f10x_exti.o(i.EXTI_Init)
    GET_Cmd                                  0x08001109   Thumb Code    22  main.o(i.GET_Cmd)
    GPIO_EXTILineConfig                      0x08001121   Thumb Code    60  stm32f10x_gpio.o(i.GPIO_EXTILineConfig)
    GPIO_Init                                0x08001161   Thumb Code   278  stm32f10x_gpio.o(i.GPIO_Init)
    GPIO_PinRemapConfig                      0x08001279   Thumb Code   138  stm32f10x_gpio.o(i.GPIO_PinRemapConfig)
    GPIO_ReadInputDataBit                    0x08001309   Thumb Code    18  stm32f10x_gpio.o(i.GPIO_ReadInputDataBit)
    GPIO_SetBits                             0x0800131b   Thumb Code     4  stm32f10x_gpio.o(i.GPIO_SetBits)
    GPIO_WriteBit                            0x0800131f   Thumb Code    10  stm32f10x_gpio.o(i.GPIO_WriteBit)
    HardFault_Handler                        0x08001329   Thumb Code     4  stm32f10x_it.o(i.HardFault_Handler)
    KEY_Init                                 0x0800132d   Thumb Code    80  key.o(i.KEY_Init)
    LED_Init                                 0x08001385   Thumb Code    54  led.o(i.LED_Init)
    MQTT_DeleteBuffer                        0x080013c5   Thumb Code    28  mqttkit.o(i.MQTT_DeleteBuffer)
    MQTT_DumpLength                          0x080013e1   Thumb Code    46  mqttkit.o(i.MQTT_DumpLength)
    MQTT_NewBuffer                           0x0800140f   Thumb Code    88  mqttkit.o(i.MQTT_NewBuffer)
    MQTT_PacketCmdResp                       0x08001469   Thumb Code   132  mqttkit.o(i.MQTT_PacketCmdResp)
    MQTT_PacketConnect                       0x080014f5   Thumb Code   666  mqttkit.o(i.MQTT_PacketConnect)
    MQTT_PacketPing                          0x08001795   Thumb Code    48  mqttkit.o(i.MQTT_PacketPing)
    MQTT_PacketPublish                       0x080017c5   Thumb Code   304  mqttkit.o(i.MQTT_PacketPublish)
    MQTT_PacketSaveData                      0x080018f5   Thumb Code    88  mqttkit.o(i.MQTT_PacketSaveData)
    MQTT_Ping                                0x08001951   Thumb Code    56  esp8266.o(i.MQTT_Ping)
    MQTT_ReadLength                          0x080019ad   Thumb Code    70  mqttkit.o(i.MQTT_ReadLength)
    MQTT_UnPacketCmd                         0x080019f3   Thumb Code   140  mqttkit.o(i.MQTT_UnPacketCmd)
    MQTT_UnPacketConnectAck                  0x08001a7f   Thumb Code    30  mqttkit.o(i.MQTT_UnPacketConnectAck)
    MQTT_UnPacketPublishAck                  0x08001a9d   Thumb Code    30  mqttkit.o(i.MQTT_UnPacketPublishAck)
    MQTT_UnPacketRecv                        0x08001abd   Thumb Code   106  mqttkit.o(i.MQTT_UnPacketRecv)
    MemManage_Handler                        0x08001b31   Thumb Code     4  stm32f10x_it.o(i.MemManage_Handler)
    NMI_Handler                              0x08001b35   Thumb Code     2  stm32f10x_it.o(i.NMI_Handler)
    NVIC_Init                                0x08001b39   Thumb Code   100  misc.o(i.NVIC_Init)
    NVIC_PriorityGroupConfig                 0x08001ba9   Thumb Code    10  misc.o(i.NVIC_PriorityGroupConfig)
    OneNet_DevLink                           0x08001bbd   Thumb Code   224  onenet.o(i.OneNet_DevLink)
    OneNet_FillBuf                           0x08001df5   Thumb Code   214  onenet.o(i.OneNet_FillBuf)
    OneNet_RevPro                            0x08001f25   Thumb Code   278  onenet.o(i.OneNet_RevPro)
    OneNet_SendData                          0x080020b1   Thumb Code   138  onenet.o(i.OneNet_SendData)
    PendSV_Handler                           0x080021a5   Thumb Code     2  stm32f10x_it.o(i.PendSV_Handler)
    RCC_APB1PeriphClockCmd                   0x080021a9   Thumb Code    26  stm32f10x_rcc.o(i.RCC_APB1PeriphClockCmd)
    RCC_APB2PeriphClockCmd                   0x080021c9   Thumb Code    26  stm32f10x_rcc.o(i.RCC_APB2PeriphClockCmd)
    RCC_GetClocksFreq                        0x080021e9   Thumb Code   192  stm32f10x_rcc.o(i.RCC_GetClocksFreq)
    Relay_Init                               0x080022bd   Thumb Code    38  relay.o(i.Relay_Init)
    SVC_Handler                              0x080022e9   Thumb Code     2  stm32f10x_it.o(i.SVC_Handler)
    Setkey                                   0x080023d5   Thumb Code     2  relay.o(i.Setkey)
    SysTick_Handler                          0x080023d7   Thumb Code     2  stm32f10x_it.o(i.SysTick_Handler)
    SystemInit                               0x080023d9   Thumb Code    78  system_stm32f10x.o(i.SystemInit)
    TIM1_UP_IRQHandler                       0x08002439   Thumb Code    86  tim.o(i.TIM1_UP_IRQHandler)
    TIM2_IRQHandler                          0x080024a5   Thumb Code     2  tim.o(i.TIM2_IRQHandler)
    TIM_ClearFlag                            0x080024a7   Thumb Code     6  stm32f10x_tim.o(i.TIM_ClearFlag)
    TIM_ClearITPendingBit                    0x080024ad   Thumb Code     6  stm32f10x_tim.o(i.TIM_ClearITPendingBit)
    TIM_Cmd                                  0x080024b3   Thumb Code    24  stm32f10x_tim.o(i.TIM_Cmd)
    TIM_GetITStatus                          0x080024cb   Thumb Code    34  stm32f10x_tim.o(i.TIM_GetITStatus)
    TIM_ITConfig                             0x080024ed   Thumb Code    18  stm32f10x_tim.o(i.TIM_ITConfig)
    TIM_OC1Init                              0x08002501   Thumb Code   132  stm32f10x_tim.o(i.TIM_OC1Init)
    TIM_OC1PreloadConfig                     0x08002599   Thumb Code    18  stm32f10x_tim.o(i.TIM_OC1PreloadConfig)
    TIM_SetCompare1                          0x080025ab   Thumb Code     4  stm32f10x_tim.o(i.TIM_SetCompare1)
    TIM_TimeBaseInit                         0x080025b1   Thumb Code   122  stm32f10x_tim.o(i.TIM_TimeBaseInit)
    Tim1_Init                                0x08002655   Thumb Code   108  tim.o(i.Tim1_Init)
    USART1_IRQHandler                        0x080026c5   Thumb Code    24  usart.o(i.USART1_IRQHandler)
    USART2_IRQHandler                        0x080026e1   Thumb Code    62  esp8266.o(i.USART2_IRQHandler)
    USART_ClearFlag                          0x0800272d   Thumb Code    18  stm32f10x_usart.o(i.USART_ClearFlag)
    USART_Cmd                                0x0800273f   Thumb Code    24  stm32f10x_usart.o(i.USART_Cmd)
    USART_GetFlagStatus                      0x08002757   Thumb Code    26  stm32f10x_usart.o(i.USART_GetFlagStatus)
    USART_GetITStatus                        0x08002771   Thumb Code    84  stm32f10x_usart.o(i.USART_GetITStatus)
    USART_ITConfig                           0x080027c5   Thumb Code    74  stm32f10x_usart.o(i.USART_ITConfig)
    USART_Init                               0x08002811   Thumb Code   210  stm32f10x_usart.o(i.USART_Init)
    USART_SendData                           0x080028e9   Thumb Code     8  stm32f10x_usart.o(i.USART_SendData)
    UsageFault_Handler                       0x080028f1   Thumb Code     4  stm32f10x_it.o(i.UsageFault_Handler)
    Usart1_Init                              0x080028f5   Thumb Code   166  usart.o(i.Usart1_Init)
    Usart2_Init                              0x080029a5   Thumb Code   162  usart.o(i.Usart2_Init)
    UsartPrintf                              0x08002a51   Thumb Code    72  usart.o(i.UsartPrintf)
    Usart_SendString                         0x08002a99   Thumb Code    50  usart.o(i.Usart_SendString)
    __0sprintf                               0x08002acd   Thumb Code    34  printfa.o(i.__0sprintf)
    __1sprintf                               0x08002acd   Thumb Code     0  printfa.o(i.__0sprintf)
    __2sprintf                               0x08002acd   Thumb Code     0  printfa.o(i.__0sprintf)
    __c89sprintf                             0x08002acd   Thumb Code     0  printfa.o(i.__0sprintf)
    sprintf                                  0x08002acd   Thumb Code     0  printfa.o(i.__0sprintf)
    __0vsnprintf                             0x08002af5   Thumb Code    46  printfa.o(i.__0vsnprintf)
    __1vsnprintf                             0x08002af5   Thumb Code     0  printfa.o(i.__0vsnprintf)
    __2vsnprintf                             0x08002af5   Thumb Code     0  printfa.o(i.__0vsnprintf)
    __c89vsnprintf                           0x08002af5   Thumb Code     0  printfa.o(i.__0vsnprintf)
    vsnprintf                                0x08002af5   Thumb Code     0  printfa.o(i.__0vsnprintf)
    __aeabi_errno_addr                       0x08002b29   Thumb Code     4  errno.o(i.__aeabi_errno_addr)
    __rt_errno_addr                          0x08002b29   Thumb Code     0  errno.o(i.__aeabi_errno_addr)
    __scatterload_copy                       0x08002b31   Thumb Code    14  handlers.o(i.__scatterload_copy)
    __scatterload_null                       0x08002b3f   Thumb Code     2  handlers.o(i.__scatterload_null)
    __scatterload_zeroinit                   0x08002b41   Thumb Code    14  handlers.o(i.__scatterload_zeroinit)
    delay_ms                                 0x080033fd   Thumb Code    66  delay.o(i.delay_ms)
    delay_us                                 0x08003445   Thumb Code    60  delay.o(i.delay_us)
    free                                     0x08003485   Thumb Code    76  malloc.o(i.free)
    main                                     0x080034d5   Thumb Code   270  main.o(i.main)
    malloc                                   0x0800361d   Thumb Code    92  malloc.o(i.malloc)
    pwm_init                                 0x08003689   Thumb Code   140  tim.o(i.pwm_init)
    scan                                     0x08003721   Thumb Code    32  key.o(i.scan)
    __ctype_table                            0x08003744   Data         129  ctype_o.o(.constdata)
    Region$$Table$$Base                      0x080037cc   Number         0  anon$$obj.o(Region$$Table)
    Region$$Table$$Limit                     0x080037ec   Number         0  anon$$obj.o(Region$$Table)
    UsCount                                  0x2000001c   Data           1  delay.o(.data)
    MsCount                                  0x2000001e   Data           2  delay.o(.data)
    esp8266_cnt                              0x20000020   Data           2  esp8266.o(.data)
    esp8266_cntPre                           0x20000022   Data           2  esp8266.o(.data)
    temp                                     0x20000028   Data           8  onenet.o(.data)
    humi                                     0x20000030   Data           8  onenet.o(.data)
    rain                                     0x20000038   Data           4  onenet.o(.data)
    san                                      0x2000003c   Data           4  onenet.o(.data)
    sun                                      0x20000040   Data           4  onenet.o(.data)
    wind                                     0x20000044   Data           4  onenet.o(.data)
    chiptemp                                 0x20000048   Data           4  onenet.o(.data)
    key                                      0x2000004c   Data           1  onenet.o(.data)
    ADC_ConvertedValueLocal                  0x20000050   Data           4  main.o(.data)
    temp_flag                                0x20000054   Data           1  main.o(.data)
    ping_flag                                0x20000055   Data           1  main.o(.data)
    __microlib_freelist                      0x20000058   Data           4  mvars.o(.data)
    __microlib_freelist_initialised          0x2000005c   Data           4  mvars.o(.data)
    esp8266_buf                              0x20000064   Data         200  esp8266.o(.bss)
    __heap_base                              0x20000130   Data           0  startup_stm32f10x_hd.o(HEAP)
    __heap_limit                             0x20000330   Data           0  startup_stm32f10x_hd.o(HEAP)
    __initial_sp                             0x20000730   Data           0  startup_stm32f10x_hd.o(STACK)



==============================================================================

Memory Map of the image

  Image Entry point : 0x08000131

  Load Region LR_IROM1 (Base: 0x08000000, Size: 0x00003850, Max: 0x00040000, ABSOLUTE)

    Execution Region ER_IROM1 (Exec base: 0x08000000, Load base: 0x08000000, Size: 0x000037ec, Max: 0x00040000, ABSOLUTE)

    Exec Addr    Load Addr    Size         Type   Attr      Idx    E Section Name        Object

    0x08000000   0x08000000   0x00000130   Data   RO            3    RESET               startup_stm32f10x_hd.o
    0x08000130   0x08000130   0x00000000   Code   RO         4071  * .ARM.Collect$$$$00000000  mc_w.l(entry.o)
    0x08000130   0x08000130   0x00000004   Code   RO         4399    .ARM.Collect$$$$00000001  mc_w.l(entry2.o)
    0x08000134   0x08000134   0x00000004   Code   RO         4402    .ARM.Collect$$$$00000004  mc_w.l(entry5.o)
    0x08000138   0x08000138   0x00000000   Code   RO         4404    .ARM.Collect$$$$00000008  mc_w.l(entry7b.o)
    0x08000138   0x08000138   0x00000000   Code   RO         4406    .ARM.Collect$$$$0000000A  mc_w.l(entry8b.o)
    0x08000138   0x08000138   0x00000008   Code   RO         4407    .ARM.Collect$$$$0000000B  mc_w.l(entry9a.o)
    0x08000140   0x08000140   0x00000004   Code   RO         4414    .ARM.Collect$$$$0000000E  mc_w.l(entry12b.o)
    0x08000144   0x08000144   0x00000000   Code   RO         4409    .ARM.Collect$$$$0000000F  mc_w.l(entry10a.o)
    0x08000144   0x08000144   0x00000000   Code   RO         4411    .ARM.Collect$$$$00000011  mc_w.l(entry11a.o)
    0x08000144   0x08000144   0x00000004   Code   RO         4400    .ARM.Collect$$$$00002712  mc_w.l(entry2.o)
    0x08000148   0x08000148   0x00000024   Code   RO            4    .text               startup_stm32f10x_hd.o
    0x0800016c   0x0800016c   0x00000024   Code   RO         4074    .text               mc_w.l(memcpya.o)
    0x08000190   0x08000190   0x00000024   Code   RO         4076    .text               mc_w.l(memseta.o)
    0x080001b4   0x080001b4   0x00000018   Code   RO         4078    .text               mc_w.l(strcat.o)
    0x080001cc   0x080001cc   0x00000024   Code   RO         4080    .text               mc_w.l(strstr.o)
    0x080001f0   0x080001f0   0x00000014   Code   RO         4082    .text               mc_w.l(strchr.o)
    0x08000204   0x08000204   0x0000000e   Code   RO         4084    .text               mc_w.l(strlen.o)
    0x08000212   0x08000212   0x00000028   Code   RO         4086    .text               mc_w.l(strncat.o)
    0x0800023a   0x0800023a   0x0000001a   Code   RO         4379    .text               mc_w.l(atoi.o)
    0x08000254   0x08000254   0x0000014e   Code   RO         4383    .text               mf_w.l(dadd.o)
    0x080003a2   0x080003a2   0x000000e4   Code   RO         4385    .text               mf_w.l(dmul.o)
    0x08000486   0x08000486   0x000000de   Code   RO         4387    .text               mf_w.l(ddiv.o)
    0x08000564   0x08000564   0x0000001a   Code   RO         4393    .text               mf_w.l(dfltui.o)
    0x0800057e   0x0800057e   0x00000026   Code   RO         4395    .text               mf_w.l(f2d.o)
    0x080005a4   0x080005a4   0x0000002c   Code   RO         4418    .text               mc_w.l(uidiv.o)
    0x080005d0   0x080005d0   0x00000062   Code   RO         4420    .text               mc_w.l(uldiv.o)
    0x08000632   0x08000632   0x0000001e   Code   RO         4422    .text               mc_w.l(llshl.o)
    0x08000650   0x08000650   0x00000024   Code   RO         4424    .text               mc_w.l(llsshr.o)
    0x08000674   0x08000674   0x00000070   Code   RO         4435    .text               mc_w.l(strtol.o)
    0x080006e4   0x080006e4   0x00000000   Code   RO         4437    .text               mc_w.l(iusefp.o)
    0x080006e4   0x080006e4   0x000000ba   Code   RO         4440    .text               mf_w.l(depilogue.o)
    0x0800079e   0x0800079e   0x00000030   Code   RO         4442    .text               mf_w.l(dfixul.o)
    0x080007ce   0x080007ce   0x00000002   PAD
    0x080007d0   0x080007d0   0x00000030   Code   RO         4444    .text               mf_w.l(cdrcmple.o)
    0x08000800   0x08000800   0x00000024   Code   RO         4446    .text               mc_w.l(init.o)
    0x08000824   0x08000824   0x00000020   Code   RO         4449    .text               mc_w.l(llushr.o)
    0x08000844   0x08000844   0x00000008   Code   RO         4451    .text               mc_w.l(ctype_o.o)
    0x0800084c   0x0800084c   0x0000009e   Code   RO         4479    .text               mc_w.l(_strtoul.o)
    0x080008ea   0x080008ea   0x0000001c   Code   RO         4482    .text               mc_w.l(_chval.o)
    0x08000906   0x08000906   0x00000004   Code   RO         3969    i.BusFault_Handler  stm32f10x_it.o
    0x0800090a   0x0800090a   0x00000002   PAD
    0x0800090c   0x0800090c   0x00000064   Code   RO         3622    i.DHT11_Check       dht11.o
    0x08000970   0x08000970   0x0000003c   Code   RO         3623    i.DHT11_Init        dht11.o
    0x080009ac   0x080009ac   0x0000004c   Code   RO         3624    i.DHT11_Read_Bit    dht11.o
    0x080009f8   0x080009f8   0x0000001e   Code   RO         3625    i.DHT11_Read_Byte   dht11.o
    0x08000a16   0x08000a16   0x00000002   PAD
    0x08000a18   0x08000a18   0x000000b8   Code   RO         3626    i.DHT11_Read_Data   dht11.o
    0x08000ad0   0x08000ad0   0x00000040   Code   RO         3627    i.DHT11_Rst         dht11.o
    0x08000b10   0x08000b10   0x00000002   Code   RO         3970    i.DebugMon_Handler  stm32f10x_it.o
    0x08000b12   0x08000b12   0x00000002   PAD
    0x08000b14   0x08000b14   0x00000038   Code   RO         3217    i.Delay_Init        delay.o
    0x08000b4c   0x08000b4c   0x0000001c   Code   RO         3291    i.ESP8266_Clear     esp8266.o
    0x08000b68   0x08000b68   0x00000050   Code   RO         3292    i.ESP8266_GetIPD    esp8266.o
    0x08000bb8   0x08000bb8   0x000001cc   Code   RO         3293    i.ESP8266_Init      esp8266.o
    0x08000d84   0x08000d84   0x00000058   Code   RO         3294    i.ESP8266_SendCmd   esp8266.o
    0x08000ddc   0x08000ddc   0x00000048   Code   RO         3295    i.ESP8266_SendData  esp8266.o
    0x08000e24   0x08000e24   0x00000034   Code   RO         3296    i.ESP8266_WaitRecive  esp8266.o
    0x08000e58   0x08000e58   0x00000040   Code   RO         3249    i.EXTI0_IRQHandler  myexti.o
    0x08000e98   0x08000e98   0x00000040   Code   RO         3250    i.EXTI2_IRQHandler  myexti.o
    0x08000ed8   0x08000ed8   0x00000040   Code   RO         3251    i.EXTI3_IRQHandler  myexti.o
    0x08000f18   0x08000f18   0x00000040   Code   RO         3252    i.EXTI4_IRQHandler  myexti.o
    0x08000f58   0x08000f58   0x00000110   Code   RO         3253    i.EXTIX_Init        myexti.o
    0x08001068   0x08001068   0x0000000c   Code   RO          939    i.EXTI_ClearITPendingBit  stm32f10x_exti.o
    0x08001074   0x08001074   0x00000094   Code   RO          944    i.EXTI_Init         stm32f10x_exti.o
    0x08001108   0x08001108   0x00000016   Code   RO         4032    i.GET_Cmd           main.o
    0x0800111e   0x0800111e   0x00000002   PAD
    0x08001120   0x08001120   0x00000040   Code   RO         1289    i.GPIO_EXTILineConfig  stm32f10x_gpio.o
    0x08001160   0x08001160   0x00000116   Code   RO         1292    i.GPIO_Init         stm32f10x_gpio.o
    0x08001276   0x08001276   0x00000002   PAD
    0x08001278   0x08001278   0x00000090   Code   RO         1294    i.GPIO_PinRemapConfig  stm32f10x_gpio.o
    0x08001308   0x08001308   0x00000012   Code   RO         1296    i.GPIO_ReadInputDataBit  stm32f10x_gpio.o
    0x0800131a   0x0800131a   0x00000004   Code   RO         1300    i.GPIO_SetBits      stm32f10x_gpio.o
    0x0800131e   0x0800131e   0x0000000a   Code   RO         1303    i.GPIO_WriteBit     stm32f10x_gpio.o
    0x08001328   0x08001328   0x00000004   Code   RO         3971    i.HardFault_Handler  stm32f10x_it.o
    0x0800132c   0x0800132c   0x00000058   Code   RO         3589    i.KEY_Init          key.o
    0x08001384   0x08001384   0x00000040   Code   RO         3607    i.LED_Init          led.o
    0x080013c4   0x080013c4   0x0000001c   Code   RO         3412    i.MQTT_DeleteBuffer  mqttkit.o
    0x080013e0   0x080013e0   0x0000002e   Code   RO         3413    i.MQTT_DumpLength   mqttkit.o
    0x0800140e   0x0800140e   0x00000058   Code   RO         3414    i.MQTT_NewBuffer    mqttkit.o
    0x08001466   0x08001466   0x00000002   PAD
    0x08001468   0x08001468   0x0000008c   Code   RO         3415    i.MQTT_PacketCmdResp  mqttkit.o
    0x080014f4   0x080014f4   0x000002a0   Code   RO         3416    i.MQTT_PacketConnect  mqttkit.o
    0x08001794   0x08001794   0x00000030   Code   RO         3418    i.MQTT_PacketPing   mqttkit.o
    0x080017c4   0x080017c4   0x00000130   Code   RO         3419    i.MQTT_PacketPublish  mqttkit.o
    0x080018f4   0x080018f4   0x0000005c   Code   RO         3424    i.MQTT_PacketSaveData  mqttkit.o
    0x08001950   0x08001950   0x0000005c   Code   RO         3297    i.MQTT_Ping         esp8266.o
    0x080019ac   0x080019ac   0x00000046   Code   RO         3427    i.MQTT_ReadLength   mqttkit.o
    0x080019f2   0x080019f2   0x0000008c   Code   RO         3428    i.MQTT_UnPacketCmd  mqttkit.o
    0x08001a7e   0x08001a7e   0x0000001e   Code   RO         3429    i.MQTT_UnPacketConnectAck  mqttkit.o
    0x08001a9c   0x08001a9c   0x0000001e   Code   RO         3431    i.MQTT_UnPacketPublishAck  mqttkit.o
    0x08001aba   0x08001aba   0x00000002   PAD
    0x08001abc   0x08001abc   0x00000074   Code   RO         3435    i.MQTT_UnPacketRecv  mqttkit.o
    0x08001b30   0x08001b30   0x00000004   Code   RO         3972    i.MemManage_Handler  stm32f10x_it.o
    0x08001b34   0x08001b34   0x00000002   Code   RO         3973    i.NMI_Handler       stm32f10x_it.o
    0x08001b36   0x08001b36   0x00000002   PAD
    0x08001b38   0x08001b38   0x00000070   Code   RO          137    i.NVIC_Init         misc.o
    0x08001ba8   0x08001ba8   0x00000014   Code   RO          138    i.NVIC_PriorityGroupConfig  misc.o
    0x08001bbc   0x08001bbc   0x00000238   Code   RO         3368    i.OneNet_DevLink    onenet.o
    0x08001df4   0x08001df4   0x00000130   Code   RO         3369    i.OneNet_FillBuf    onenet.o
    0x08001f24   0x08001f24   0x0000018c   Code   RO         3370    i.OneNet_RevPro     onenet.o
    0x080020b0   0x080020b0   0x000000f4   Code   RO         3371    i.OneNet_SendData   onenet.o
    0x080021a4   0x080021a4   0x00000002   Code   RO         3974    i.PendSV_Handler    stm32f10x_it.o
    0x080021a6   0x080021a6   0x00000002   PAD
    0x080021a8   0x080021a8   0x00000020   Code   RO         1708    i.RCC_APB1PeriphClockCmd  stm32f10x_rcc.o
    0x080021c8   0x080021c8   0x00000020   Code   RO         1710    i.RCC_APB2PeriphClockCmd  stm32f10x_rcc.o
    0x080021e8   0x080021e8   0x000000d4   Code   RO         1718    i.RCC_GetClocksFreq  stm32f10x_rcc.o
    0x080022bc   0x080022bc   0x0000002c   Code   RO         3912    i.Relay_Init        relay.o
    0x080022e8   0x080022e8   0x00000002   Code   RO         3975    i.SVC_Handler       stm32f10x_it.o
    0x080022ea   0x080022ea   0x00000008   Code   RO           24    i.SetSysClock       system_stm32f10x.o
    0x080022f2   0x080022f2   0x00000002   PAD
    0x080022f4   0x080022f4   0x000000e0   Code   RO           25    i.SetSysClockTo72   system_stm32f10x.o
    0x080023d4   0x080023d4   0x00000002   Code   RO         3913    i.Setkey            relay.o
    0x080023d6   0x080023d6   0x00000002   Code   RO         3976    i.SysTick_Handler   stm32f10x_it.o
    0x080023d8   0x080023d8   0x00000060   Code   RO           27    i.SystemInit        system_stm32f10x.o
    0x08002438   0x08002438   0x0000006c   Code   RO         3123    i.TIM1_UP_IRQHandler  tim.o
    0x080024a4   0x080024a4   0x00000002   Code   RO         3124    i.TIM2_IRQHandler   tim.o
    0x080024a6   0x080024a6   0x00000006   Code   RO         2336    i.TIM_ClearFlag     stm32f10x_tim.o
    0x080024ac   0x080024ac   0x00000006   Code   RO         2337    i.TIM_ClearITPendingBit  stm32f10x_tim.o
    0x080024b2   0x080024b2   0x00000018   Code   RO         2342    i.TIM_Cmd           stm32f10x_tim.o
    0x080024ca   0x080024ca   0x00000022   Code   RO         2363    i.TIM_GetITStatus   stm32f10x_tim.o
    0x080024ec   0x080024ec   0x00000012   Code   RO         2367    i.TIM_ITConfig      stm32f10x_tim.o
    0x080024fe   0x080024fe   0x00000002   PAD
    0x08002500   0x08002500   0x00000098   Code   RO         2371    i.TIM_OC1Init       stm32f10x_tim.o
    0x08002598   0x08002598   0x00000012   Code   RO         2374    i.TIM_OC1PreloadConfig  stm32f10x_tim.o
    0x080025aa   0x080025aa   0x00000004   Code   RO         2403    i.TIM_SetCompare1   stm32f10x_tim.o
    0x080025ae   0x080025ae   0x00000002   PAD
    0x080025b0   0x080025b0   0x000000a4   Code   RO         2413    i.TIM_TimeBaseInit  stm32f10x_tim.o
    0x08002654   0x08002654   0x00000070   Code   RO         3125    i.Tim1_Init         tim.o
    0x080026c4   0x080026c4   0x0000001c   Code   RO         3164    i.USART1_IRQHandler  usart.o
    0x080026e0   0x080026e0   0x0000004c   Code   RO         3298    i.USART2_IRQHandler  esp8266.o
    0x0800272c   0x0800272c   0x00000012   Code   RO         2874    i.USART_ClearFlag   stm32f10x_usart.o
    0x0800273e   0x0800273e   0x00000018   Code   RO         2878    i.USART_Cmd         stm32f10x_usart.o
    0x08002756   0x08002756   0x0000001a   Code   RO         2881    i.USART_GetFlagStatus  stm32f10x_usart.o
    0x08002770   0x08002770   0x00000054   Code   RO         2882    i.USART_GetITStatus  stm32f10x_usart.o
    0x080027c4   0x080027c4   0x0000004a   Code   RO         2884    i.USART_ITConfig    stm32f10x_usart.o
    0x0800280e   0x0800280e   0x00000002   PAD
    0x08002810   0x08002810   0x000000d8   Code   RO         2885    i.USART_Init        stm32f10x_usart.o
    0x080028e8   0x080028e8   0x00000008   Code   RO         2895    i.USART_SendData    stm32f10x_usart.o
    0x080028f0   0x080028f0   0x00000004   Code   RO         3977    i.UsageFault_Handler  stm32f10x_it.o
    0x080028f4   0x080028f4   0x000000b0   Code   RO         3165    i.Usart1_Init       usart.o
    0x080029a4   0x080029a4   0x000000ac   Code   RO         3166    i.Usart2_Init       usart.o
    0x08002a50   0x08002a50   0x00000048   Code   RO         3167    i.UsartPrintf       usart.o
    0x08002a98   0x08002a98   0x00000032   Code   RO         3168    i.Usart_SendString  usart.o
    0x08002aca   0x08002aca   0x00000002   PAD
    0x08002acc   0x08002acc   0x00000028   Code   RO         4325    i.__0sprintf        mc_w.l(printfa.o)
    0x08002af4   0x08002af4   0x00000034   Code   RO         4328    i.__0vsnprintf      mc_w.l(printfa.o)
    0x08002b28   0x08002b28   0x00000008   Code   RO         4428    i.__aeabi_errno_addr  mc_w.l(errno.o)
    0x08002b30   0x08002b30   0x0000000e   Code   RO         4486    i.__scatterload_copy  mc_w.l(handlers.o)
    0x08002b3e   0x08002b3e   0x00000002   Code   RO         4487    i.__scatterload_null  mc_w.l(handlers.o)
    0x08002b40   0x08002b40   0x0000000e   Code   RO         4488    i.__scatterload_zeroinit  mc_w.l(handlers.o)
    0x08002b4e   0x08002b4e   0x00000002   PAD
    0x08002b50   0x08002b50   0x00000184   Code   RO         4330    i._fp_digits        mc_w.l(printfa.o)
    0x08002cd4   0x08002cd4   0x000006b4   Code   RO         4331    i._printf_core      mc_w.l(printfa.o)
    0x08003388   0x08003388   0x00000024   Code   RO         4332    i._printf_post_padding  mc_w.l(printfa.o)
    0x080033ac   0x080033ac   0x0000002e   Code   RO         4333    i._printf_pre_padding  mc_w.l(printfa.o)
    0x080033da   0x080033da   0x00000016   Code   RO         4334    i._snputc           mc_w.l(printfa.o)
    0x080033f0   0x080033f0   0x0000000a   Code   RO         4335    i._sputc            mc_w.l(printfa.o)
    0x080033fa   0x080033fa   0x00000002   PAD
    0x080033fc   0x080033fc   0x00000048   Code   RO         3218    i.delay_ms          delay.o
    0x08003444   0x08003444   0x00000040   Code   RO         3219    i.delay_us          delay.o
    0x08003484   0x08003484   0x00000050   Code   RO         4351    i.free              mc_w.l(malloc.o)
    0x080034d4   0x080034d4   0x00000148   Code   RO         4033    i.main              main.o
    0x0800361c   0x0800361c   0x0000006c   Code   RO         4352    i.malloc            mc_w.l(malloc.o)
    0x08003688   0x08003688   0x00000098   Code   RO         3127    i.pwm_init          tim.o
    0x08003720   0x08003720   0x00000024   Code   RO         3590    i.scan              key.o
    0x08003744   0x08003744   0x00000081   Data   RO         4452    .constdata          mc_w.l(ctype_o.o)
    0x080037c5   0x080037c5   0x00000003   PAD
    0x080037c8   0x080037c8   0x00000004   Data   RO         4453    .constdata          mc_w.l(ctype_o.o)
    0x080037cc   0x080037cc   0x00000020   Data   RO         4484    Region$$Table       anon$$obj.o


    Execution Region RW_IRAM1 (Exec base: 0x20000000, Load base: 0x080037ec, Size: 0x00000730, Max: 0x0000c000, ABSOLUTE)

    Exec Addr    Load Addr    Size         Type   Attr      Idx    E Section Name        Object

    0x20000000   0x080037ec   0x00000014   Data   RW         1738    .data               stm32f10x_rcc.o
    0x20000014   0x08003800   0x00000008   Data   RW         3128    .data               tim.o
    0x2000001c   0x08003808   0x00000004   Data   RW         3220    .data               delay.o
    0x20000020   0x0800380c   0x00000004   Data   RW         3300    .data               esp8266.o
    0x20000024   0x08003810   0x00000004   PAD
    0x20000028   0x08003814   0x00000025   Data   RW         3372    .data               onenet.o
    0x2000004d   0x08003839   0x00000003   PAD
    0x20000050   0x0800383c   0x00000006   Data   RW         4034    .data               main.o
    0x20000056   0x08003842   0x00000002   PAD
    0x20000058   0x08003844   0x00000004   Data   RW         4426    .data               mc_w.l(mvars.o)
    0x2000005c   0x08003848   0x00000004   Data   RW         4427    .data               mc_w.l(mvars.o)
    0x20000060   0x0800384c   0x00000004   Data   RW         4431    .data               mc_w.l(errno.o)
    0x20000064        -       0x000000c8   Zero   RW         3299    .bss                esp8266.o
    0x2000012c   0x08003850   0x00000004   PAD
    0x20000130        -       0x00000200   Zero   RW            2    HEAP                startup_stm32f10x_hd.o
    0x20000330        -       0x00000400   Zero   RW            1    STACK               startup_stm32f10x_hd.o


==============================================================================

Image component sizes


      Code (inc. data)   RO Data    RW Data    ZI Data      Debug   Object Name

         0          0          0          0          0       4508   core_cm3.o
       192         18          0          4          0       1741   delay.o
       514         44          0          0          0       3220   dht11.o
       948        356          0          4        200       7443   esp8266.o
       124         12          0          0          0        942   key.o
        64         10          0          0          0        459   led.o
       350         58          0          6          0       1451   main.o
       132         22          0          0          0       1571   misc.o
      1804         28          0          0          0      11439   mqttkit.o
       528        120          0          0          0       2465   myexti.o
      1512        664          0         37          0       4903   onenet.o
        46          6          0          0          0        842   relay.o
        36          8        304          0       1536        852   startup_stm32f10x_hd.o
       160         12          0          0          0       1537   stm32f10x_exti.o
       518         10          0          0          0       5087   stm32f10x_gpio.o
        26          0          0          0          0       3758   stm32f10x_it.o
       276         32          0         20          0       4426   stm32f10x_rcc.o
       426         62          0          0          0       5801   stm32f10x_tim.o
       450          6          0          0          0       6087   stm32f10x_usart.o
       328         28          0          0          0     252433   system_stm32f10x.o
       374         38          0          8          0       2150   tim.o
       498         24          0          0          0       4321   usart.o

    ----------------------------------------------------------------------
      9334       1558        336         88       1740     327436   Object Totals
         0          0         32          0          0          0   (incl. Generated)
        28          0          0          9          4          0   (incl. Padding)

    ----------------------------------------------------------------------

      Code (inc. data)   RO Data    RW Data    ZI Data      Debug   Library Member Name

        28          0          0          0          0         68   _chval.o
       158          0          0          0          0         92   _strtoul.o
        26          0          0          0          0         80   atoi.o
         8          4        133          0          0         68   ctype_o.o
         0          0          0          0          0          0   entry.o
         0          0          0          0          0          0   entry10a.o
         0          0          0          0          0          0   entry11a.o
         4          0          0          0          0          0   entry12b.o
         8          4          0          0          0          0   entry2.o
         4          0          0          0          0          0   entry5.o
         0          0          0          0          0          0   entry7b.o
         0          0          0          0          0          0   entry8b.o
         8          4          0          0          0          0   entry9a.o
         8          4          0          4          0         68   errno.o
        30          0          0          0          0          0   handlers.o
        36          8          0          0          0         68   init.o
         0          0          0          0          0          0   iusefp.o
        30          0          0          0          0         68   llshl.o
        36          0          0          0          0         68   llsshr.o
        32          0          0          0          0         68   llushr.o
       188         20          0          0          0        160   malloc.o
        36          0          0          0          0         68   memcpya.o
        36          0          0          0          0        108   memseta.o
         0          0          0          8          0          0   mvars.o
      2310         92          0          0          0        680   printfa.o
        24          0          0          0          0         68   strcat.o
        20          0          0          0          0         68   strchr.o
        14          0          0          0          0         68   strlen.o
        40          0          0          0          0         76   strncat.o
        36          0          0          0          0         80   strstr.o
       112          0          0          0          0         88   strtol.o
        44          0          0          0          0         80   uidiv.o
        98          0          0          0          0         92   uldiv.o
        48          0          0          0          0         68   cdrcmple.o
       334          0          0          0          0        148   dadd.o
       222          0          0          0          0        100   ddiv.o
       186          0          0          0          0        176   depilogue.o
        48          0          0          0          0         68   dfixul.o
        26          0          0          0          0         76   dfltui.o
       228          0          0          0          0         96   dmul.o
        38          0          0          0          0         68   f2d.o

    ----------------------------------------------------------------------
      4510        136        136         12          0       3084   Library Totals
         6          0          3          0          0          0   (incl. Padding)

    ----------------------------------------------------------------------

      Code (inc. data)   RO Data    RW Data    ZI Data      Debug   Library Name

      3374        136        133         12          0       2284   mc_w.l
      1130          0          0          0          0        800   mf_w.l

    ----------------------------------------------------------------------
      4510        136        136         12          0       3084   Library Totals

    ----------------------------------------------------------------------

==============================================================================


      Code (inc. data)   RO Data    RW Data    ZI Data      Debug   

     13844       1694        472        100       1740     324120   Grand Totals
     13844       1694        472        100       1740     324120   ELF Image Totals
     13844       1694        472        100          0          0   ROM Totals

==============================================================================

    Total RO  Size (Code + RO Data)                14316 (  13.98kB)
    Total RW  Size (RW Data + ZI Data)              1840 (   1.80kB)
    Total ROM Size (Code + RO Data + RW Data)      14416 (  14.08kB)

==============================================================================

